
  [30;42;1m PASS [39;49;22m[39m Tests\Feature\AdminAnalyticsTest[39m
  [32;1mΓ£ô[39;22m[90m [39m[90mnon admin cannot view analytics[39m[90m                                                                             [39m [90m0.49s[39m  
  [32;1mΓ£ô[39;22m[90m [39m[90madmin can view analytics[39m[90m                                                                                    [39m [90m2.15s[39m  
  [32;1mΓ£ô[39;22m[90m [39m[90manalytics returns metrics[39m[90m                                                                                   [39m [90m2.18s[39m  
  [32;1mΓ£ô[39;22m[90m [39m[90manalytics aggregates content counts[39m[90m                                                                         [39m [90m2.25s[39m  
  [32;1mΓ£ô[39;22m[90m [39m[90manalytics counts page views[39m[90m                                                                                 [39m [90m2.19s[39m  
  [32;1mΓ£ô[39;22m[90m [39m[90manalytics date range from filter[39m[90m                                                                            [39m [90m2.14s[39m  
  [32;1mΓ£ô[39;22m[90m [39m[90manalytics date range to filter[39m[90m                                                                              [39m [90m2.19s[39m  
  [32;1mΓ£ô[39;22m[90m [39m[90manalytics date range combined[39m[90m                                                                               [39m [90m2.17s[39m  
  [32;1mΓ£ô[39;22m[90m [39m[90mexport contacts returns csv[39m[90m                                                                                 [39m [90m0.10s[39m  
  [32;1mΓ£ô[39;22m[90m [39m[90mexport subscribers returns csv[39m[90m                                                                              [39m [90m0.08s[39m  
  [32;1mΓ£ô[39;22m[90m [39m[90mexport donations returns redirect[39m[90m                                                                           [39m [90m0.13s[39m  
  [32;1mΓ£ô[39;22m[90m [39m[90mexport content resources returns csv[39m[90m                                                                        [39m [90m0.14s[39m  
  [32;1mΓ£ô[39;22m[90m [39m[90mexport invalid resource returns 404[39m[90m                                                                         [39m [90m0.09s[39m  
  [32;1mΓ£ô[39;22m[90m [39m[90mexport with status filter[39m[90m                                                                                   [39m [90m0.17s[39m  
  [32;1mΓ£ô[39;22m[90m [39m[90mexport with date range[39m[90m                                                                                      [39m [90m0.08s[39m  
  [32;1mΓ£ô[39;22m[90m [39m[90mnon admin cannot export[39m[90m                                                                                     [39m [90m0.07s[39m  
  [32;1mΓ£ô[39;22m[90m [39m[90mdashboard displays visitor stats[39m[90m                                                                            [39m [90m2.12s[39m  
  [32;1mΓ£ô[39;22m[90m [39m[90mdashboard displays content counts[39m[90m                                                                           [39m [90m2.15s[39m  

  [30;42;1m PASS [39;49;22m[39m Tests\Feature\AdminCauseCrudTest[39m
  [32;1mΓ£ô[39;22m[90m [39m[90munauthenticated user is redirected to login[39m[90m                                                                 [39m [90m0.12s[39m  
  [32;1mΓ£ô[39;22m[90m [39m[90mnon admin is forbidden[39m[90m                                                                                      [39m [90m0.13s[39m  
  [32;1mΓ£ô[39;22m[90m [39m[90madmin can list causes[39m[90m                                                                                       [39m [90m2.20s[39m  
  [32;1mΓ£ô[39;22m[90m [39m[90mindex filters by status[39m[90m                                                                                     [39m [90m2.18s[39m  
  [32;1mΓ£ô[39;22m[90m [39m[90madmin can view create form[39m[90m                                                                                  [39m [90m2.17s[39m  
  [32;1mΓ£ô[39;22m[90m [39m[90madmin can create a cause[39m[90m                                                                                    [39m [90m0.14s[39m  
  [32;1mΓ£ô[39;22m[90m [39m[90mcreate generates slug[39m[90m                                                                                       [39m [90m0.09s[39m  
  [32;1mΓ£ô[39;22m[90m [39m[90mcreate validates title is required[39m[90m                                                                          [39m [90m0.11s[39m  
  [32;1mΓ£ô[39;22m[90m [39m[90mcreate validates status is required[39m[90m                                                                         [39m [90m0.10s[39m  
  [32;1mΓ£ô[39;22m[90m [39m[90mcreate validates status value[39m[90m                                                                               [39m [90m0.07s[39m  
  [32;1mΓ£ô[39;22m[90m [39m[90madmin can view cause detail[39m[90m                                                                                 [39m [90m2.20s[39m  
  [32;1mΓ£ô[39;22m[90m [39m[90madmin can view edit form[39m[90m                                                                                    [39m [90m2.16s[39m  
  [32;1mΓ£ô[39;22m[90m [39m[90madmin can update a cause[39m[90m                                                                                    [39m [90m0.17s[39m  
  [32;1mΓ£ô[39;22m[90m [39m[90mupdate validates title is required[39m[90m                                                                          [39m [90m0.14s[39m  
  [32;1mΓ£ô[39;22m[90m [39m[90madmin can delete a cause[39m[90m                                                                                    [39m [90m0.14s[39m  
  [32;1mΓ£ô[39;22m[90m [39m[90mnon admin cannot create cause[39m[90m                                                                               [39m [90m0.14s[39m  
  [32;1mΓ£ô[39;22m[90m [39m[90mnon admin cannot update cause[39m[90m                                                                               [39m [90m0.16s[39m  
  [32;1mΓ£ô[39;22m[90m [39m[90mnon admin cannot delete cause[39m[90m                                                                               [39m [90m0.13s[39m  

  [30;42;1m PASS [39;49;22m[39m Tests\Feature\AdminCmsTest[39m
  [32;1mΓ£ô[39;22m[90m [39m[90mnon admin users are denied from admin[39m[90m                                                                       [39m [90m0.15s[39m  
  [32;1mΓ£ô[39;22m[90m [39m[90madmin can update settings[39m[90m                                                                                   [39m [90m0.16s[39m  
  [32;1mΓ£ô[39;22m[90m [39m[90mimage upload returns a stored path[39m[90m                                                                          [39m [90m0.29s[39m  
  [32;1mΓ£ô[39;22m[90m [39m[90madmin can open every content and cms screen[39m[90m                                                                 [39m [90m2.46s[39m  
  [32;1mΓ£ô[39;22m[90m [39m[90mpublic visits are recorded and search is available[39m[90m                                                          [39m [90m2.21s[39m  
  [32;1mΓ£ô[39;22m[90m [39m[90mpayment records are read only[39m[90m                                                                               [39m [90m1.60s[39m  

  [30;42;1m PASS [39;49;22m[39m Tests\Feature\AdminEventCrudTest[39m
  [32;1mΓ£ô[39;22m[90m [39m[90mnon admin is forbidden[39m[90m                                                                                      [39m [90m0.09s[39m  
  [32;1mΓ£ô[39;22m[90m [39m[90madmin can list events[39m[90m                                                                                       [39m [90m2.18s[39m  
  [32;1mΓ£ô[39;22m[90m [39m[90madmin can view create form[39m[90m                                                                                  [39m [90m2.16s[39m  
  [32;1mΓ£ô[39;22m[90m [39m[90madmin can create an event[39m[90m                                                                                   [39m [90m0.12s[39m  
  [32;1mΓ£ô[39;22m[90m [39m[90mcreate generates slug[39m[90m                                                                                       [39m [90m0.14s[39m  
  [32;1mΓ£ô[39;22m[90m [39m[90mcreate validates title required[39m[90m                                                                             [39m [90m0.08s[39m  
  [32;1mΓ£ô[39;22m[90m [39m[90mcreate validates event date required[39m[90m                                                                        [39m [90m0.11s[39m  
  [32;1mΓ£ô[39;22m[90m [39m[90mcreate validates event date is date[39m[90m                                                                         [39m [90m0.10s[39m  
  [32;1mΓ£ô[39;22m[90m [39m[90mcreate validates initiative id exists[39m[90m                                                                       [39m [90m0.10s[39m  
  [32;1mΓ£ô[39;22m[90m [39m[90madmin can view event detail[39m[90m                                                                                 [39m [90m2.13s[39m  
  [32;1mΓ£ô[39;22m[90m [39m[90madmin can view edit form[39m[90m                                                                                    [39m [90m2.22s[39m  
  [32;1mΓ£ô[39;22m[90m [39m[90madmin can update an event[39m[90m                                                                                   [39m [90m0.14s[39m  
  [32;1mΓ£ô[39;22m[90m [39m[90mupdate validates title required[39m[90m                                                                             [39m [90m0.09s[39m  
  [32;1mΓ£ô[39;22m[90m [39m[90madmin can delete an event[39m[90m                                                                                   [39m [90m0.07s[39m  
  [32;1mΓ£ô[39;22m[90m [39m[90madmin can filter by date range[39m[90m                                                                              [39m [90m2.23s[39m  
  [32;1mΓ£ô[39;22m[90m [39m[90mnon admin cannot create[39m[90m                                                                                     [39m [90m0.09s[39m  
  [32;1mΓ£ô[39;22m[90m [39m[90mnon admin cannot update[39m[90m                                                                                     [39m [90m0.12s[39m  
  [32;1mΓ£ô[39;22m[90m [39m[90mnon admin cannot delete[39m[90m                                                                                     [39m [90m0.12s[39m  

  [30;42;1m PASS [39;49;22m[39m Tests\Feature\AdminImpactCrudTest[39m
  [32;1mΓ£ô[39;22m[90m [39m[90mnon admin is forbidden[39m[90m                                                                                      [39m [90m0.16s[39m  
  [32;1mΓ£ô[39;22m[90m [39m[90madmin can list impact[39m[90m                                                                                       [39m [90m2.19s[39m  
  [32;1mΓ£ô[39;22m[90m [39m[90madmin can view create form[39m[90m                                                                                  [39m [90m2.27s[39m  
  [32;1mΓ£ô[39;22m[90m [39m[90madmin can create impact[39m[90m                                                                                     [39m [90m0.14s[39m  
  [32;1mΓ£ô[39;22m[90m [39m[90mcreate generates slug[39m[90m                                                                                       [39m [90m0.10s[39m  
  [32;1mΓ£ô[39;22m[90m [39m[90mcreate validates title required[39m[90m                                                                             [39m [90m0.12s[39m  
  [32;1mΓ£ô[39;22m[90m [39m[90mcreate validates event id exists[39m[90m                                                                            [39m [90m0.13s[39m  
  [32;1mΓ£ô[39;22m[90m [39m[90mcreate validates people affected is integer[39m[90m                                                                 [39m [90m0.09s[39m  
  [32;1mΓ£ô[39;22m[90m [39m[90madmin can view impact detail[39m[90m                                                                                [39m [90m2.16s[39m  
  [32;1mΓ£ô[39;22m[90m [39m[90madmin can view edit form[39m[90m                                                                                    [39m [90m2.20s[39m  
  [32;1mΓ£ô[39;22m[90m [39m[90madmin can update impact[39m[90m                                                                                     [39m [90m0.14s[39m  
  [32;1mΓ£ô[39;22m[90m [39m[90mupdate validates title required[39m[90m                                                                             [39m [90m0.08s[39m  
  [32;1mΓ£ô[39;22m[90m [39m[90madmin can delete impact[39m[90m                                                                                     [39m [90m0.09s[39m  
  [32;1mΓ£ô[39;22m[90m [39m[90madmin can filter by date range[39m[90m                                                                              [39m [90m2.22s[39m  
  [32;1mΓ£ô[39;22m[90m [39m[90mnon admin cannot create[39m[90m                                                                                     [39m [90m0.12s[39m  
  [32;1mΓ£ô[39;22m[90m [39m[90mnon admin cannot update[39m[90m                                                                                     [39m [90m0.12s[39m  
  [32;1mΓ£ô[39;22m[90m [39m[90mnon admin cannot delete[39m[90m                                                                                     [39m [90m0.11s[39m  

  [30;42;1m PASS [39;49;22m[39m Tests\Feature\AdminInitiativeCrudTest[39m
  [32;1mΓ£ô[39;22m[90m [39m[90mnon admin is forbidden[39m[90m                                                                                      [39m [90m0.13s[39m  
  [32;1mΓ£ô[39;22m[90m [39m[90madmin can list initiatives[39m[90m                                                                                  [39m [90m2.19s[39m  
  [32;1mΓ£ô[39;22m[90m [39m[90madmin can view create form[39m[90m                                                                                  [39m [90m2.16s[39m  
  [32;1mΓ£ô[39;22m[90m [39m[90madmin can create an initiative[39m[90m                                                                              [39m [90m0.12s[39m  
  [32;1mΓ£ô[39;22m[90m [39m[90mcreate generates slug[39m[90m                                                                                       [39m [90m0.07s[39m  
  [32;1mΓ£ô[39;22m[90m [39m[90mcreate validates title required[39m[90m                                                                             [39m [90m0.06s[39m  
  [32;1mΓ£ô[39;22m[90m [39m[90mcreate validates category required[39m[90m                                                                          [39m [90m0.09s[39m  
  [32;1mΓ£ô[39;22m[90m [39m[90mcreate validates status value[39m[90m                                                                               [39m [90m0.10s[39m  
  [32;1mΓ£ô[39;22m[90m [39m[90mcreate validates cause ids exist[39m[90m                                                                            [39m [90m0.07s[39m  
  [32;1mΓ£ô[39;22m[90m [39m[90madmin can view initiative detail[39m[90m                                                                            [39m [90m2.13s[39m  
  [32;1mΓ£ô[39;22m[90m [39m[90madmin can view edit form[39m[90m                                                                                    [39m [90m2.23s[39m  
  [32;1mΓ£ô[39;22m[90m [39m[90madmin can update an initiative[39m[90m                                                                              [39m [90m0.15s[39m  
  [32;1mΓ£ô[39;22m[90m [39m[90mupdate validates title required[39m[90m                                                                             [39m [90m0.09s[39m  
  [32;1mΓ£ô[39;22m[90m [39m[90madmin can delete an initiative[39m[90m                                                                              [39m [90m0.10s[39m  
  [32;1mΓ£ô[39;22m[90m [39m[90madmin can filter by category[39m[90m                                                                                [39m [90m2.26s[39m  
  [32;1mΓ£ô[39;22m[90m [39m[90mnon admin cannot create[39m[90m                                                                                     [39m [90m0.11s[39m  
  [32;1mΓ£ô[39;22m[90m [39m[90mnon admin cannot update[39m[90m                                                                                     [39m [90m0.10s[39m  
  [32;1mΓ£ô[39;22m[90m [39m[90mnon admin cannot delete[39m[90m                                                                                     [39m [90m0.09s[39m  

  [30;42;1m PASS [39;49;22m[39m Tests\Feature\AdminStoryCrudTest[39m
  [32;1mΓ£ô[39;22m[90m [39m[90mnon admin is forbidden[39m[90m                                                                                      [39m [90m0.12s[39m  
  [32;1mΓ£ô[39;22m[90m [39m[90madmin can list stories[39m[90m                                                                                      [39m [90m2.18s[39m  
  [32;1mΓ£ô[39;22m[90m [39m[90madmin can view create form[39m[90m                                                                                  [39m [90m2.18s[39m  
  [32;1mΓ£ô[39;22m[90m [39m[90madmin can create a story[39m[90m                                                                                    [39m [90m0.15s[39m  
  [32;1mΓ£ô[39;22m[90m [39m[90mcreate generates slug[39m[90m                                                                                       [39m [90m0.10s[39m  
  [32;1mΓ£ô[39;22m[90m [39m[90mcreate validates title required[39m[90m                                                                             [39m [90m0.15s[39m  
  [32;1mΓ£ô[39;22m[90m [39m[90mcreate validates status value[39m[90m                                                                               [39m [90m0.09s[39m  
  [32;1mΓ£ô[39;22m[90m [39m[90madmin can view story detail[39m[90m                                                                                 [39m [90m2.24s[39m  
  [32;1mΓ£ô[39;22m[90m [39m[90madmin can view edit form[39m[90m                                                                                    [39m [90m2.34s[39m  
  [32;1mΓ£ô[39;22m[90m [39m[90madmin can update a story[39m[90m                                                                                    [39m [90m0.15s[39m  
  [32;1mΓ£ô[39;22m[90m [39m[90mupdate validates title required[39m[90m                                                                             [39m [90m0.10s[39m  
  [32;1mΓ£ô[39;22m[90m [39m[90madmin can delete a story[39m[90m                                                                                    [39m [90m0.08s[39m  
  [32;1mΓ£ô[39;22m[90m [39m[90madmin can filter by category[39m[90m                                                                                [39m [90m2.18s[39m  
  [32;1mΓ£ô[39;22m[90m [39m[90madmin can filter by status[39m[90m                                                                                  [39m [90m2.24s[39m  
  [32;1mΓ£ô[39;22m[90m [39m[90mnon admin cannot create[39m[90m                                                                                     [39m [90m0.17s[39m  
  [32;1mΓ£ô[39;22m[90m [39m[90mnon admin cannot update[39m[90m                                                                                     [39m [90m0.11s[39m  
  [32;1mΓ£ô[39;22m[90m [39m[90mnon admin cannot delete[39m[90m                                                                                     [39m [90m0.14s[39m  

  [30;42;1m PASS [39;49;22m[39m Tests\Feature\Auth\AuthenticationTest[39m
  [32;1mΓ£ô[39;22m[90m [39m[90mlogin screen can be rendered[39m[90m                                                                                [39m [90m0.16s[39m  
  [32;1mΓ£ô[39;22m[90m [39m[90musers can authenticate using the login screen[39m[90m                                                               [39m [90m0.17s[39m  
  [32;1mΓ£ô[39;22m[90m [39m[90musers can not authenticate with invalid password[39m[90m                                                            [39m [90m0.34s[39m  
  [32;1mΓ£ô[39;22m[90m [39m[90musers can logout[39m[90m                                                                                            [39m [90m0.15s[39m  

  [30;42;1m PASS [39;49;22m[39m Tests\Feature\Auth\EmailVerificationTest[39m
  [32;1mΓ£ô[39;22m[90m [39m[90memail verification screen can be rendered[39m[90m                                                                   [39m [90m0.18s[39m  
  [32;1mΓ£ô[39;22m[90m [39m[90memail can be verified[39m[90m                                                                                       [39m [90m0.15s[39m  
  [32;1mΓ£ô[39;22m[90m [39m[90memail is not verified with invalid hash[39m[90m                                                                     [39m [90m0.15s[39m  

  [30;42;1m PASS [39;49;22m[39m Tests\Feature\Auth\PasswordConfirmationTest[39m
  [32;1mΓ£ô[39;22m[90m [39m[90mconfirm password screen can be rendered[39m[90m                                                                     [39m [90m0.19s[39m  
  [32;1mΓ£ô[39;22m[90m [39m[90mpassword can be confirmed[39m[90m                                                                                   [39m [90m0.12s[39m  
  [32;1mΓ£ô[39;22m[90m [39m[90mpassword is not confirmed with invalid password[39m[90m                                                             [39m [90m0.31s[39m  

  [30;42;1m PASS [39;49;22m[39m Tests\Feature\Auth\PasswordResetTest[39m
  [32;1mΓ£ô[39;22m[90m [39m[90mreset password link screen can be rendered[39m[90m                                                                  [39m [90m0.13s[39m  
  [32;1mΓ£ô[39;22m[90m [39m[90mreset password link can be requested[39m[90m                                                                        [39m [90m0.32s[39m  
  [32;1mΓ£ô[39;22m[90m [39m[90mreset password screen can be rendered[39m[90m                                                                       [39m [90m0.36s[39m  
  [32;1mΓ£ô[39;22m[90m [39m[90mpassword can be reset with valid token[39m[90m                                                                      [39m [90m0.35s[39m  

  [30;42;1m PASS [39;49;22m[39m Tests\Feature\Auth\PasswordUpdateTest[39m
  [32;1mΓ£ô[39;22m[90m [39m[90mpassword can be updated[39m[90m                                                                                     [39m [90m0.11s[39m  
  [32;1mΓ£ô[39;22m[90m [39m[90mcorrect password must be provided to update password[39m[90m                                                        [39m [90m0.11s[39m  

  [30;42;1m PASS [39;49;22m[39m Tests\Feature\Auth\RegistrationTest[39m
  [32;1mΓ£ô[39;22m[90m [39m[90mregistration screen can be rendered[39m[90m                                                                         [39m [90m0.12s[39m  
  [32;1mΓ£ô[39;22m[90m [39m[90mnew users can register[39m[90m                                                                                      [39m [90m0.09s[39m  

  [30;42;1m PASS [39;49;22m[39m Tests\Feature\ModuleConnectivityTest[39m
  [32;1mΓ£ô[39;22m[90m [39m[90mcause has many initiatives[39m[90m                                                                                  [39m [90m0.10s[39m  
  [32;1mΓ£ô[39;22m[90m [39m[90minitiative belongs to cause[39m[90m                                                                                 [39m [90m0.08s[39m  
  [32;1mΓ£ô[39;22m[90m [39m[90minitiative has many events[39m[90m                                                                                  [39m [90m0.11s[39m  
  [32;1mΓ£ô[39;22m[90m [39m[90mevent belongs to initiative[39m[90m                                                                                 [39m [90m0.09s[39m  
  [32;1mΓ£ô[39;22m[90m [39m[90mevent has many impact activities[39m[90m                                                                            [39m [90m0.10s[39m  
  [32;1mΓ£ô[39;22m[90m [39m[90mimpact activity belongs to event[39m[90m                                                                            [39m [90m0.09s[39m  
  [32;1mΓ£ô[39;22m[90m [39m[90madmin notification belongs to user[39m[90m                                                                          [39m [90m0.09s[39m  
  [32;1mΓ£ô[39;22m[90m [39m[90mfull cause to impact hierarchy[39m[90m                                                                              [39m [90m0.10s[39m  
  [32;1mΓ£ô[39;22m[90m [39m[90mdelete cause removes pivot entry[39m[90m                                                                            [39m [90m0.12s[39m  
  [32;1mΓ£ô[39;22m[90m [39m[90mdelete initiative nullifies event fk[39m[90m                                                                        [39m [90m0.12s[39m  
  [32;1mΓ£ô[39;22m[90m [39m[90mdelete event nullifies impact fk[39m[90m                                                                            [39m [90m0.09s[39m  
  [32;1mΓ£ô[39;22m[90m [39m[90mstory is independent[39m[90m                                                                                        [39m [90m0.08s[39m  
  [32;1mΓ£ô[39;22m[90m [39m[90mcontact submission is independent[39m[90m                                                                           [39m [90m0.09s[39m  
  [32;1mΓ£ô[39;22m[90m [39m[90mnewsletter subscriber is independent[39m[90m                                                                        [39m [90m0.11s[39m  
  [32;1mΓ£ô[39;22m[90m [39m[90mdonation is independent[39m[90m                                                                                     [39m [90m0.08s[39m  
  [32;1mΓ£ô[39;22m[90m [39m[90mpage view is independent[39m[90m                                                                                    [39m [90m0.08s[39m  
  [32;1mΓ£ô[39;22m[90m [39m[90mcause slug auto generated[39m[90m                                                                                   [39m [90m0.08s[39m  
  [32;1mΓ£ô[39;22m[90m [39m[90minitiative slug auto generated[39m[90m                                                                              [39m [90m0.09s[39m  
  [32;1mΓ£ô[39;22m[90m [39m[90mevent slug auto generated[39m[90m                                                                                   [39m [90m0.11s[39m  
  [32;1mΓ£ô[39;22m[90m [39m[90mimpact slug auto generated[39m[90m                                                                                  [39m [90m0.08s[39m  
  [32;1mΓ£ô[39;22m[90m [39m[90mstory slug auto generated[39m[90m                                                                                   [39m [90m0.10s[39m  
  [32;1mΓ£ô[39;22m[90m [39m[90mcause published scope[39m[90m                                                                                       [39m [90m0.12s[39m  
  [32;1mΓ£ô[39;22m[90m [39m[90minitiative published scope[39m[90m                                                                                  [39m [90m0.14s[39m  
  [32;1mΓ£ô[39;22m[90m [39m[90mevent published scope[39m[90m                                                                                       [39m [90m0.12s[39m  
  [32;1mΓ£ô[39;22m[90m [39m[90mevent upcoming scope[39m[90m                                                                                        [39m [90m0.10s[39m  
  [32;1mΓ£ô[39;22m[90m [39m[90mevent past scope[39m[90m                                                                                            [39m [90m0.15s[39m  
  [32;1mΓ£ô[39;22m[90m [39m[90mstory published scope[39m[90m                                                                                       [39m [90m0.11s[39m  
  [32;1mΓ£ô[39;22m[90m [39m[90mimpact published scope[39m[90m                                                                                      [39m [90m0.08s[39m  
  [32;1mΓ£ô[39;22m[90m [39m[90mimpact featured scope[39m[90m                                                                                       [39m [90m0.07s[39m  
  [32;1mΓ£ô[39;22m[90m [39m[90mnotification unread scope[39m[90m                                                                                   [39m [90m0.12s[39m  
  [32;1mΓ£ô[39;22m[90m [39m[90madmin can access all cms screens[39m[90m                                                                            [39m [90m2.63s[39m  
  [32;1mΓ£ô[39;22m[90m [39m[90mnon admin denied from all cms screens[39m[90m                                                                       [39m [90m0.29s[39m  
  [32;1mΓ£ô[39;22m[90m [39m[90munauthenticated redirected from admin[39m[90m                                                                       [39m [90m0.10s[39m  
  [32;1mΓ£ô[39;22m[90m [39m[90msettings stored and retrieved[39m[90m                                                                               [39m [90m0.11s[39m  
  [32;1mΓ£ô[39;22m[90m [39m[90msettings update via request[39m[90m                                                                                 [39m [90m0.17s[39m  
  [32;1mΓ£ô[39;22m[90m [39m[90mcontacts index and delete[39m[90m                                                                                   [39m [90m2.22s[39m  
  [32;1mΓ£ô[39;22m[90m [39m[90mdonations index redirects[39m[90m                                                                                   [39m [90m0.09s[39m  
  [32;1mΓ£ô[39;22m[90m [39m[90msubscribers index[39m[90m                                                                                           [39m [90m2.22s[39m  
  [32;1mΓ£ô[39;22m[90m [39m[90manalytics page loads[39m[90m                                                                                        [39m [90m2.26s[39m  
  [32;1mΓ£ô[39;22m[90m [39m[90manalytics includes metrics[39m[90m                                                                                  [39m [90m2.21s[39m  
  [32;1mΓ£ô[39;22m[90m [39m[90mnotifications api[39m[90m                                                                                           [39m [90m0.11s[39m  
  [32;1mΓ£ô[39;22m[90m [39m[90mnotification mark read[39m[90m                                                                                      [39m [90m0.15s[39m  
  [32;1mΓ£ô[39;22m[90m [39m[90mnotification mark all read[39m[90m                                                                                  [39m [90m0.12s[39m  
  [32;1mΓ£ô[39;22m[90m [39m[90mexport contacts csv[39m[90m                                                                                         [39m [90m0.13s[39m  
  [32;1mΓ£ô[39;22m[90m [39m[90mexport donations csv redirects[39m[90m                                                                              [39m [90m0.07s[39m  
  [32;1mΓ£ô[39;22m[90m [39m[90mexport subscribers csv[39m[90m                                                                                      [39m [90m0.14s[39m  
  [32;1mΓ£ô[39;22m[90m [39m[90mexport content csv[39m[90m                                                                                          [39m [90m0.14s[39m  
  [32;1mΓ£ô[39;22m[90m [39m[90msearch returns results[39m[90m                                                                                      [39m [90m0.16s[39m  
  [32;1mΓ£ô[39;22m[90m [39m[90msearch empty query returns validation error[39m[90m                                                                 [39m [90m0.15s[39m  
  [32;1mΓ£ô[39;22m[90m [39m[90mdashboard includes all stats[39m[90m                                                                                [39m [90m2.31s[39m  
  [32;1mΓ£ô[39;22m[90m [39m[90mcauses index is paginated[39m[90m                                                                                   [39m [90m2.31s[39m  
  [32;1mΓ£ô[39;22m[90m [39m[90minitiatives index is paginated[39m[90m                                                                              [39m [90m2.31s[39m  
  [32;1mΓ£ô[39;22m[90m [39m[90mevents index is paginated[39m[90m                                                                                   [39m [90m2.30s[39m  
  [32;1mΓ£ô[39;22m[90m [39m[90mstories index is paginated[39m[90m                                                                                  [39m [90m2.33s[39m  
  [32;1mΓ£ô[39;22m[90m [39m[90mimpact index is paginated[39m[90m                                                                                   [39m [90m2.31s[39m  

  [30;42;1m PASS [39;49;22m[39m Tests\Feature\ProfileTest[39m
  [32;1mΓ£ô[39;22m[90m [39m[90mprofile page is displayed[39m[90m                                                                                   [39m [90m2.34s[39m  
  [32;1mΓ£ô[39;22m[90m [39m[90mprofile information can be updated[39m[90m                                                                          [39m [90m0.16s[39m  
  [32;1mΓ£ô[39;22m[90m [39m[90memail verification status is unchanged when the email address is unchanged[39m[90m                                  [39m [90m0.08s[39m  
  [32;1mΓ£ô[39;22m[90m [39m[90muser can delete their account[39m[90m                                                                               [39m [90m0.08s[39m  
  [32;1mΓ£ô[39;22m[90m [39m[90mcorrect password must be provided to delete account[39m[90m                                                         [39m [90m0.10s[39m  

  [30;42;1m PASS [39;49;22m[39m Tests\Feature\SanitizationTest[39m
  [32;1mΓ£ô[39;22m[90m [39m[90mscript tags are stripped from description[39m[90m                                                                   [39m [90m0.09s[39m  
  [32;1mΓ£ô[39;22m[90m [39m[90miframe tags are stripped[39m[90m                                                                                    [39m [90m0.10s[39m  
  [32;1mΓ£ô[39;22m[90m [39m[90mevent handlers are stripped[39m[90m                                                                                 [39m [90m0.05s[39m  
  [32;1mΓ£ô[39;22m[90m [39m[90mjavascript protocols are stripped[39m[90m                                                                           [39m [90m0.08s[39m  
  [32;1mΓ£ô[39;22m[90m [39m[90mallowed html tags are preserved[39m[90m                                                                             [39m [90m0.09s[39m  
  [32;1mΓ£ô[39;22m[90m [39m[90minitiative content is sanitized[39m[90m                                                                             [39m [90m0.10s[39m  
  [32;1mΓ£ô[39;22m[90m [39m[90msanitize html method removes dangerous content[39m[90m                                                              [39m [90m0.06s[39m  
  [32;1mΓ£ô[39;22m[90m [39m[90mrelative urls in links are neutralized[39m[90m                                                                      [39m [90m0.07s[39m  

  [30;42;1m PASS [39;49;22m[39m Tests\Feature\UserSecurityTest[39m
  [32;1mΓ£ô[39;22m[90m [39m[90munauthenticated redirects[39m[90m                                                                                   [39m [90m0.12s[39m  
  [32;1mΓ£ô[39;22m[90m [39m[90mnon admin forbidden[39m[90m                                                                                         [39m [90m0.10s[39m  
  [32;1mΓ£ô[39;22m[90m [39m[90madmin can view security page[39m[90m                                                                                [39m [90m2.15s[39m  
  [32;1mΓ£ô[39;22m[90m [39m[90msecurity page shows passkeys[39m[90m                                                                                [39m [90m2.17s[39m  
  [32;1mΓ£ô[39;22m[90m [39m[90mpasskey options returns json[39m[90m                                                                                [39m [90m0.14s[39m  
  [32;1mΓ£ô[39;22m[90m [39m[90mpasskey options stores challenge in session[39m[90m                                                                 [39m [90m0.11s[39m  
  [32;1mΓ£ô[39;22m[90m [39m[90mpasskey options excludes existing credentials[39m[90m                                                               [39m [90m0.15s[39m  
  [32;1mΓ£ô[39;22m[90m [39m[90mpasskey register requires name[39m[90m                                                                              [39m [90m0.13s[39m  
  [32;1mΓ£ô[39;22m[90m [39m[90mpasskey register requires credential[39m[90m                                                                        [39m [90m0.09s[39m  
  [32;1mΓ£ô[39;22m[90m [39m[90mpasskey register stores passkey[39m[90m                                                                             [39m [90m0.13s[39m  
  [32;1mΓ£ô[39;22m[90m [39m[90mpasskey register rejects duplicate credential[39m[90m                                                               [39m [90m0.13s[39m  
  [32;1mΓ£ô[39;22m[90m [39m[90mpasskey register requires challenge in session[39m[90m                                                              [39m [90m0.14s[39m  
  [32;1mΓ£ô[39;22m[90m [39m[90madmin can delete own passkey[39m[90m                                                                                [39m [90m0.09s[39m  
  [32;1mΓ£ô[39;22m[90m [39m[90mcannot delete other users passkey[39m[90m                                                                           [39m [90m0.15s[39m  
  [32;1mΓ£ô[39;22m[90m [39m[90mdelete nonexistent passkey returns 404[39m[90m                                                                      [39m [90m0.11s[39m  
  [32;1mΓ£ô[39;22m[90m [39m[90mchange password requires current password[39m[90m                                                                   [39m [90m0.15s[39m  
  [32;1mΓ£ô[39;22m[90m [39m[90mchange password requires new password[39m[90m                                                                       [39m [90m0.08s[39m  
  [32;1mΓ£ô[39;22m[90m [39m[90mchange password requires confirmation[39m[90m                                                                       [39m [90m0.08s[39m  
  [32;1mΓ£ô[39;22m[90m [39m[90mchange password rejects wrong current password[39m[90m                                                              [39m [90m0.07s[39m  
  [32;1mΓ£ô[39;22m[90m [39m[90mchange password succeeds with correct password[39m[90m                                                              [39m [90m0.10s[39m  
  [32;1mΓ£ô[39;22m[90m [39m[90mchange password rejects short password[39m[90m                                                                      [39m [90m0.12s[39m  

  [90mTests:[39m    [32;1m219 passed[39;22m[90m (408 assertions)[39m
  [90mDuration:[39m [39m136.35s[39m

