[2025-12-04 04:36:49] ghi.INFO: Database connection established {"host":"localhost","database":"global_harmony_initiative"} []
[2025-12-04 04:37:32] ghi.INFO: Database connection established {"host":"localhost","database":"global_harmony_initiative"} []
[2025-12-04 04:37:41] ghi.INFO: Database connection established {"host":"localhost","database":"global_harmony_initiative"} []
[2025-12-04 04:37:46] ghi.INFO: Database connection established {"host":"localhost","database":"global_harmony_initiative"} []
[2025-12-04 04:37:54] ghi.INFO: Database connection established {"host":"localhost","database":"global_harmony_initiative"} []
[2025-12-04 04:38:11] ghi.INFO: Database connection established {"host":"localhost","database":"global_harmony_initiative"} []
[2025-12-04 04:38:12] ghi.INFO: Database connection established {"host":"localhost","database":"global_harmony_initiative"} []
[2025-12-04 04:38:37] ghi.INFO: Database connection established {"host":"localhost","database":"global_harmony_initiative"} []
[2025-12-04 04:38:40] ghi.INFO: User logged in {"email":"admin.dev@example.com","user_id":1} []
[2025-12-04 04:38:40] ghi.INFO: User logged in event handled {"user_id":1,"email":"admin.dev@example.com"} []
[2025-12-04 04:38:40] ghi.DEBUG: Event dispatched {"event":"user.logged_in"} []
[2025-12-04 04:38:40] ghi.INFO: Database connection established {"host":"localhost","database":"global_harmony_initiative"} []
[2025-12-04 04:39:13] ghi.INFO: Database connection established {"host":"localhost","database":"global_harmony_initiative"} []
[2025-12-04 04:39:22] ghi.INFO: Database connection established {"host":"localhost","database":"global_harmony_initiative"} []
[2025-12-04 04:39:36] ghi.INFO: Database connection established {"host":"localhost","database":"global_harmony_initiative"} []
[2025-12-04 04:39:36] ghi.INFO: Database connection established {"host":"localhost","database":"global_harmony_initiative"} []
[2025-12-04 04:39:36] ghi.INFO: Database connection established {"host":"localhost","database":"global_harmony_initiative"} []
[2025-12-04 04:39:40] ghi.INFO: Database connection established {"host":"localhost","database":"global_harmony_initiative"} []
[2025-12-04 04:39:41] ghi.INFO: Database connection established {"host":"localhost","database":"global_harmony_initiative"} []
[2025-12-04 04:39:43] ghi.INFO: Database connection established {"host":"localhost","database":"global_harmony_initiative"} []
[2025-12-04 04:39:43] ghi.INFO: Database connection established {"host":"localhost","database":"global_harmony_initiative"} []
[2025-12-04 04:39:43] ghi.INFO: Database connection established {"host":"localhost","database":"global_harmony_initiative"} []
[2025-12-04 04:39:44] ghi.INFO: Database connection established {"host":"localhost","database":"global_harmony_initiative"} []
[2025-12-04 04:39:58] ghi.INFO: Database connection established {"host":"localhost","database":"global_harmony_initiative"} []
[2025-12-04 04:40:15] ghi.INFO: Database connection established {"host":"localhost","database":"global_harmony_initiative"} []
[2025-12-04 04:40:21] ghi.INFO: Database connection established {"host":"localhost","database":"global_harmony_initiative"} []
[2025-12-04 04:40:36] ghi.INFO: Database connection established {"host":"localhost","database":"global_harmony_initiative"} []
[2025-12-04 04:40:42] ghi.INFO: Database connection established {"host":"localhost","database":"global_harmony_initiative"} []
[2025-12-04 04:40:47] ghi.INFO: Database connection established {"host":"localhost","database":"global_harmony_initiative"} []
[2025-12-04 04:41:06] ghi.INFO: Database connection established {"host":"localhost","database":"global_harmony_initiative"} []
[2025-12-04 04:41:06] ghi.INFO: User logged out {"email":"admin.dev@example.com"} []
[2025-12-04 04:41:06] ghi.INFO: Database connection established {"host":"localhost","database":"global_harmony_initiative"} []
