[2025-11-14 01:52:10] ghi.INFO: Database connection established {"host":"localhost","database":"global_harmony_initiative"} []
[2025-11-14 01:52:11] ghi.INFO: Database connection established {"host":"localhost","database":"global_harmony_initiative"} []
[2025-11-14 01:52:24] ghi.INFO: Database connection established {"host":"localhost","database":"global_harmony_initiative"} []
[2025-11-14 01:52:24] ghi.INFO: User logged in {"email":"admin.dev@example.com","user_id":1} []
[2025-11-14 01:52:24] ghi.INFO: User logged in event handled {"user_id":1,"email":"admin.dev@example.com"} []
[2025-11-14 01:52:24] ghi.DEBUG: Event dispatched {"event":"user.logged_in"} []
[2025-11-14 01:52:24] ghi.INFO: Database connection established {"host":"localhost","database":"global_harmony_initiative"} []
[2025-11-14 01:52:36] ghi.INFO: Database connection established {"host":"localhost","database":"global_harmony_initiative"} []
[2025-11-14 01:52:43] ghi.INFO: Database connection established {"host":"localhost","database":"global_harmony_initiative"} []
[2025-11-14 01:59:06] ghi.INFO: Database connection established {"host":"localhost","database":"global_harmony_initiative"} []
[2025-11-14 01:59:11] ghi.INFO: Database connection established {"host":"localhost","database":"global_harmony_initiative"} []
[2025-11-14 01:59:21] ghi.INFO: Database connection established {"host":"localhost","database":"global_harmony_initiative"} []
[2025-11-14 02:06:55] ghi.INFO: Database connection established {"host":"localhost","database":"global_harmony_initiative"} []
[2025-11-14 02:09:30] ghi.INFO: Database connection established {"host":"localhost","database":"global_harmony_initiative"} []
[2025-11-14 02:09:54] ghi.INFO: Database connection established {"host":"localhost","database":"global_harmony_initiative"} []
[2025-11-14 02:10:03] ghi.INFO: Database connection established {"host":"localhost","database":"global_harmony_initiative"} []
[2025-11-14 02:10:16] ghi.INFO: Database connection established {"host":"localhost","database":"global_harmony_initiative"} []
[2025-11-14 02:10:25] ghi.INFO: Database connection established {"host":"localhost","database":"global_harmony_initiative"} []
[2025-11-14 02:10:34] ghi.INFO: Database connection established {"host":"localhost","database":"global_harmony_initiative"} []
[2025-11-14 02:11:05] ghi.INFO: Database connection established {"host":"localhost","database":"global_harmony_initiative"} []
[2025-11-14 02:11:05] ghi.INFO: Content created event handled {"type":"initiative","id":74} []
[2025-11-14 02:11:05] ghi.DEBUG: Event dispatched {"event":"content.created"} []
[2025-11-14 02:11:05] ghi.INFO: Initiative created via modal {"initiative_id":74} []
[2025-11-14 02:11:35] ghi.INFO: Database connection established {"host":"localhost","database":"global_harmony_initiative"} []
[2025-11-14 02:11:35] ghi.ERROR: Initiative save failed via modal {"error":"An exception occurred while executing a query: SQLSTATE[23000]: Integrity constraint violation: 1062 Duplicate entry '' for key 'initiatives.unique_slug'"} []
[2025-11-14 02:12:05] ghi.INFO: Database connection established {"host":"localhost","database":"global_harmony_initiative"} []
[2025-11-14 02:12:05] ghi.ERROR: Initiative save failed via modal {"error":"An exception occurred while executing a query: SQLSTATE[23000]: Integrity constraint violation: 1062 Duplicate entry '' for key 'initiatives.unique_slug'"} []
[2025-11-14 02:12:35] ghi.INFO: Database connection established {"host":"localhost","database":"global_harmony_initiative"} []
[2025-11-14 02:12:36] ghi.ERROR: Initiative save failed via modal {"error":"An exception occurred while executing a query: SQLSTATE[23000]: Integrity constraint violation: 1062 Duplicate entry '' for key 'initiatives.unique_slug'"} []
[2025-11-14 02:13:05] ghi.INFO: Database connection established {"host":"localhost","database":"global_harmony_initiative"} []
[2025-11-14 02:13:06] ghi.ERROR: Initiative save failed via modal {"error":"An exception occurred while executing a query: SQLSTATE[23000]: Integrity constraint violation: 1062 Duplicate entry '' for key 'initiatives.unique_slug'"} []
[2025-11-14 02:13:35] ghi.INFO: Database connection established {"host":"localhost","database":"global_harmony_initiative"} []
[2025-11-14 02:13:35] ghi.ERROR: Initiative save failed via modal {"error":"An exception occurred while executing a query: SQLSTATE[23000]: Integrity constraint violation: 1062 Duplicate entry '' for key 'initiatives.unique_slug'"} []
[2025-11-14 02:14:05] ghi.INFO: Database connection established {"host":"localhost","database":"global_harmony_initiative"} []
[2025-11-14 02:14:05] ghi.ERROR: Initiative save failed via modal {"error":"An exception occurred while executing a query: SQLSTATE[23000]: Integrity constraint violation: 1062 Duplicate entry '' for key 'initiatives.unique_slug'"} []
[2025-11-14 02:14:37] ghi.INFO: Database connection established {"host":"localhost","database":"global_harmony_initiative"} []
[2025-11-14 02:14:37] ghi.ERROR: Initiative save failed via modal {"error":"An exception occurred while executing a query: SQLSTATE[23000]: Integrity constraint violation: 1062 Duplicate entry '' for key 'initiatives.unique_slug'"} []
[2025-11-14 02:15:06] ghi.INFO: Database connection established {"host":"localhost","database":"global_harmony_initiative"} []
[2025-11-14 02:15:06] ghi.ERROR: Initiative save failed via modal {"error":"An exception occurred while executing a query: SQLSTATE[23000]: Integrity constraint violation: 1062 Duplicate entry '' for key 'initiatives.unique_slug'"} []
[2025-11-14 02:16:16] ghi.INFO: Database connection established {"host":"localhost","database":"global_harmony_initiative"} []
[2025-11-14 02:16:16] ghi.ERROR: Initiative save failed via modal {"error":"An exception occurred while executing a query: SQLSTATE[23000]: Integrity constraint violation: 1062 Duplicate entry '' for key 'initiatives.unique_slug'"} []
[2025-11-14 02:17:16] ghi.INFO: Database connection established {"host":"localhost","database":"global_harmony_initiative"} []
[2025-11-14 02:17:16] ghi.ERROR: Initiative save failed via modal {"error":"An exception occurred while executing a query: SQLSTATE[23000]: Integrity constraint violation: 1062 Duplicate entry '' for key 'initiatives.unique_slug'"} []
[2025-11-14 02:18:21] ghi.INFO: Database connection established {"host":"localhost","database":"global_harmony_initiative"} []
[2025-11-14 02:18:21] ghi.ERROR: Initiative save failed via modal {"error":"An exception occurred while executing a query: SQLSTATE[23000]: Integrity constraint violation: 1062 Duplicate entry '' for key 'initiatives.unique_slug'"} []
[2025-11-14 02:19:55] ghi.INFO: Database connection established {"host":"localhost","database":"global_harmony_initiative"} []
[2025-11-14 02:19:55] ghi.ERROR: Initiative save failed via modal {"error":"An exception occurred while executing a query: SQLSTATE[23000]: Integrity constraint violation: 1062 Duplicate entry '' for key 'initiatives.unique_slug'"} []
[2025-11-14 02:20:05] ghi.INFO: Database connection established {"host":"localhost","database":"global_harmony_initiative"} []
[2025-11-14 02:20:05] ghi.ERROR: Initiative save failed via modal {"error":"An exception occurred while executing a query: SQLSTATE[23000]: Integrity constraint violation: 1062 Duplicate entry '' for key 'initiatives.unique_slug'"} []
[2025-11-14 02:20:11] ghi.INFO: Database connection established {"host":"localhost","database":"global_harmony_initiative"} []
[2025-11-14 02:20:25] ghi.INFO: Database connection established {"host":"localhost","database":"global_harmony_initiative"} []
[2025-11-14 02:20:55] ghi.INFO: Database connection established {"host":"localhost","database":"global_harmony_initiative"} []
[2025-11-14 02:20:55] ghi.ERROR: Initiative save failed via modal {"error":"An exception occurred while executing a query: SQLSTATE[23000]: Integrity constraint violation: 1062 Duplicate entry '' for key 'initiatives.unique_slug'"} []
[2025-11-14 02:21:25] ghi.INFO: Database connection established {"host":"localhost","database":"global_harmony_initiative"} []
[2025-11-14 02:21:25] ghi.ERROR: Initiative save failed via modal {"error":"An exception occurred while executing a query: SQLSTATE[23000]: Integrity constraint violation: 1062 Duplicate entry '' for key 'initiatives.unique_slug'"} []
[2025-11-14 02:21:58] ghi.INFO: Database connection established {"host":"localhost","database":"global_harmony_initiative"} []
[2025-11-14 02:21:58] ghi.INFO: Database connection established {"host":"localhost","database":"global_harmony_initiative"} []
[2025-11-14 02:21:59] ghi.ERROR: Initiative save failed via modal {"error":"An exception occurred while executing a query: SQLSTATE[23000]: Integrity constraint violation: 1062 Duplicate entry '' for key 'initiatives.unique_slug'"} []
[2025-11-14 02:22:25] ghi.INFO: Database connection established {"host":"localhost","database":"global_harmony_initiative"} []
[2025-11-14 02:22:55] ghi.INFO: Database connection established {"host":"localhost","database":"global_harmony_initiative"} []
[2025-11-14 02:23:25] ghi.INFO: Database connection established {"host":"localhost","database":"global_harmony_initiative"} []
[2025-11-14 02:23:55] ghi.INFO: Database connection established {"host":"localhost","database":"global_harmony_initiative"} []
[2025-11-14 02:24:26] ghi.INFO: Database connection established {"host":"localhost","database":"global_harmony_initiative"} []
[2025-11-14 02:24:56] ghi.INFO: Database connection established {"host":"localhost","database":"global_harmony_initiative"} []
[2025-11-14 02:25:25] ghi.INFO: Database connection established {"host":"localhost","database":"global_harmony_initiative"} []
[2025-11-14 02:26:15] ghi.INFO: Database connection established {"host":"localhost","database":"global_harmony_initiative"} []
[2025-11-14 02:27:16] ghi.INFO: Database connection established {"host":"localhost","database":"global_harmony_initiative"} []
[2025-11-14 02:28:16] ghi.INFO: Database connection established {"host":"localhost","database":"global_harmony_initiative"} []
[2025-11-14 02:29:16] ghi.INFO: Database connection established {"host":"localhost","database":"global_harmony_initiative"} []
[2025-11-14 02:30:16] ghi.INFO: Database connection established {"host":"localhost","database":"global_harmony_initiative"} []
[2025-11-14 02:31:17] ghi.INFO: Database connection established {"host":"localhost","database":"global_harmony_initiative"} []
[2025-11-14 02:32:16] ghi.INFO: Database connection established {"host":"localhost","database":"global_harmony_initiative"} []
[2025-11-14 02:33:16] ghi.INFO: Database connection established {"host":"localhost","database":"global_harmony_initiative"} []
[2025-11-14 02:34:22] ghi.INFO: Database connection established {"host":"localhost","database":"global_harmony_initiative"} []
[2025-11-14 02:38:57] ghi.INFO: Database connection established {"host":"localhost","database":"global_harmony_initiative"} []
[2025-11-14 02:39:25] ghi.INFO: Database connection established {"host":"localhost","database":"global_harmony_initiative"} []
[2025-11-14 02:39:52] ghi.INFO: Database connection established {"host":"localhost","database":"global_harmony_initiative"} []
[2025-11-14 02:51:44] ghi.INFO: Database connection established {"host":"localhost","database":"global_harmony_initiative"} []
[2025-11-14 02:52:11] ghi.INFO: Database connection established {"host":"localhost","database":"global_harmony_initiative"} []
[2025-11-14 02:52:45] ghi.INFO: Database connection established {"host":"localhost","database":"global_harmony_initiative"} []
[2025-11-14 02:52:45] ghi.INFO: Database connection established {"host":"localhost","database":"global_harmony_initiative"} []
