[2025-11-10 01:06:18] ghi.INFO: Database connection established {"host":"localhost","database":"global_harmony_initiative"} []
[2025-11-10 01:08:14] ghi.INFO: Database connection established {"host":"localhost","database":"global_harmony_initiative"} []
[2025-11-10 01:08:43] ghi.INFO: Database connection established {"host":"localhost","database":"global_harmony_initiative"} []
[2025-11-10 01:23:59] ghi.INFO: Database connection established {"host":"localhost","database":"global_harmony_initiative"} []
[2025-11-10 01:24:15] ghi.INFO: Database connection established {"host":"localhost","database":"global_harmony_initiative"} []
[2025-11-10 01:24:51] ghi.INFO: Database connection established {"host":"localhost","database":"global_harmony_initiative"} []
[2025-11-10 01:37:37] ghi.INFO: Database connection established {"host":"localhost","database":"global_harmony_initiative"} []
[2025-11-10 01:39:27] ghi.INFO: Database connection established {"host":"localhost","database":"global_harmony_initiative"} []
[2025-11-10 01:41:22] ghi.INFO: Database connection established {"host":"localhost","database":"global_harmony_initiative"} []
[2025-11-10 01:42:13] ghi.INFO: Database connection established {"host":"localhost","database":"global_harmony_initiative"} []
[2025-11-10 01:42:25] ghi.INFO: Database connection established {"host":"localhost","database":"global_harmony_initiative"} []
[2025-11-10 01:42:43] ghi.INFO: Database connection established {"host":"localhost","database":"global_harmony_initiative"} []
[2025-11-10 01:42:53] ghi.INFO: Database connection established {"host":"localhost","database":"global_harmony_initiative"} []
[2025-11-10 01:43:00] ghi.INFO: Database connection established {"host":"localhost","database":"global_harmony_initiative"} []
[2025-11-10 01:43:27] ghi.INFO: Database connection established {"host":"localhost","database":"global_harmony_initiative"} []
[2025-11-10 01:43:40] ghi.INFO: Database connection established {"host":"localhost","database":"global_harmony_initiative"} []
[2025-11-10 02:05:16] ghi.INFO: Database connection established {"host":"localhost","database":"global_harmony_initiative"} []
[2025-11-10 02:05:28] ghi.INFO: Database connection established {"host":"localhost","database":"global_harmony_initiative"} []
[2025-11-10 02:05:32] ghi.INFO: Database connection established {"host":"localhost","database":"global_harmony_initiative"} []
[2025-11-10 02:05:55] ghi.INFO: Database connection established {"host":"localhost","database":"global_harmony_initiative"} []
[2025-11-10 02:06:49] ghi.INFO: Database connection established {"host":"localhost","database":"global_harmony_initiative"} []
[2025-11-10 02:07:09] ghi.INFO: Database connection established {"host":"localhost","database":"global_harmony_initiative"} []
[2025-11-10 02:11:35] ghi.INFO: Database connection established {"host":"localhost","database":"global_harmony_initiative"} []
[2025-11-10 02:12:50] ghi.INFO: Database connection established {"host":"localhost","database":"global_harmony_initiative"} []
[2025-11-10 02:23:57] ghi.INFO: Database connection established {"host":"localhost","database":"global_harmony_initiative"} []
[2025-11-10 02:24:58] ghi.INFO: Database connection established {"host":"localhost","database":"global_harmony_initiative"} []
[2025-11-10 02:25:09] ghi.INFO: Database connection established {"host":"localhost","database":"global_harmony_initiative"} []
[2025-11-10 02:25:17] ghi.INFO: Database connection established {"host":"localhost","database":"global_harmony_initiative"} []
[2025-11-10 02:25:17] ghi.INFO: User logged out {"email":null} []
[2025-11-10 02:25:17] ghi.INFO: Database connection established {"host":"localhost","database":"global_harmony_initiative"} []
[2025-11-10 02:28:47] ghi.INFO: Database connection established {"host":"localhost","database":"global_harmony_initiative"} []
[2025-11-10 02:28:47] ghi.ERROR: Login failed {"email":"admin@globalharmonyinitiative.com","error":"SQLSTATE[42S22]: Column not found: 1054 Unknown column 'password' in 'field list'"} []
[2025-11-10 02:28:52] ghi.INFO: Database connection established {"host":"localhost","database":"global_harmony_initiative"} []
[2025-11-10 02:28:52] ghi.ERROR: Login failed {"email":"admin@globalharmonyinitiative.com","error":"SQLSTATE[42S22]: Column not found: 1054 Unknown column 'password' in 'field list'"} []
[2025-11-10 02:28:58] ghi.INFO: Database connection established {"host":"localhost","database":"global_harmony_initiative"} []
[2025-11-10 02:28:58] ghi.ERROR: Login failed {"email":"admin@globalharmonyinitiative.com","error":"SQLSTATE[42S22]: Column not found: 1054 Unknown column 'password' in 'field list'"} []
[2025-11-10 02:29:10] ghi.INFO: Database connection established {"host":"localhost","database":"global_harmony_initiative"} []
[2025-11-10 02:29:10] ghi.ERROR: Login failed {"email":"admin@globalharmonyinitiative.com","error":"SQLSTATE[42S22]: Column not found: 1054 Unknown column 'password' in 'field list'"} []
[2025-11-10 02:29:16] ghi.INFO: Database connection established {"host":"localhost","database":"global_harmony_initiative"} []
[2025-11-10 02:29:16] ghi.ERROR: Login failed {"email":"admin@globalharmonyinitiative.com","error":"SQLSTATE[42S22]: Column not found: 1054 Unknown column 'password' in 'field list'"} []
[2025-11-10 02:29:22] ghi.INFO: Database connection established {"host":"localhost","database":"global_harmony_initiative"} []
[2025-11-10 02:29:22] ghi.ERROR: Login failed {"email":"admin@globalharmonyinitiative.com","error":"SQLSTATE[42S22]: Column not found: 1054 Unknown column 'password' in 'field list'"} []
[2025-11-10 02:29:26] ghi.INFO: Database connection established {"host":"localhost","database":"global_harmony_initiative"} []
[2025-11-10 02:29:26] ghi.ERROR: Login failed {"email":"admin@globalharmonyinitiative.com","error":"SQLSTATE[42S22]: Column not found: 1054 Unknown column 'password' in 'field list'"} []
[2025-11-10 02:29:31] ghi.INFO: Database connection established {"host":"localhost","database":"global_harmony_initiative"} []
[2025-11-10 02:29:31] ghi.ERROR: Login failed {"email":"admin@globalharmonyinitiative.com","error":"SQLSTATE[42S22]: Column not found: 1054 Unknown column 'password' in 'field list'"} []
[2025-11-10 03:19:03] ghi.INFO: Database connection established {"host":"localhost","database":"global_harmony_initiative"} []
[2025-11-10 05:09:26] ghi.INFO: Database connection established {"host":"localhost","database":"global_harmony_initiative"} []
[2025-11-10 05:16:49] ghi.INFO: Database connection established {"host":"localhost","database":"global_harmony_initiative"} []
[2025-11-10 05:18:41] ghi.INFO: Database connection established {"host":"localhost","database":"global_harmony_initiative"} []
[2025-11-10 05:20:06] ghi.INFO: Database connection established {"host":"localhost","database":"global_harmony_initiative"} []
[2025-11-10 06:00:12] ghi.INFO: Database connection established {"host":"localhost","database":"global_harmony_initiative"} []
[2025-11-10 06:00:12] ghi.INFO: Database connection established {"host":"localhost","database":"global_harmony_initiative"} []
[2025-11-10 07:07:05] ghi.INFO: Database connection established {"host":"localhost","database":"global_harmony_initiative"} []
[2025-11-10 07:07:05] ghi.ERROR: Login failed {"email":"admin@globalharmonyinitiative.com","error":"SQLSTATE[42S22]: Column not found: 1054 Unknown column 'password' in 'field list'"} []
[2025-11-10 07:07:12] ghi.INFO: Database connection established {"host":"localhost","database":"global_harmony_initiative"} []
[2025-11-10 07:07:12] ghi.ERROR: Login failed {"email":"admin@globalharmonyinitiative.com","error":"SQLSTATE[42S22]: Column not found: 1054 Unknown column 'password' in 'field list'"} []
[2025-11-10 07:07:17] ghi.INFO: Database connection established {"host":"localhost","database":"global_harmony_initiative"} []
[2025-11-10 07:07:17] ghi.ERROR: Login failed {"email":"admin@globalharmonyinitiative.com","error":"SQLSTATE[42S22]: Column not found: 1054 Unknown column 'password' in 'field list'"} []
[2025-11-10 07:07:29] ghi.INFO: Database connection established {"host":"localhost","database":"global_harmony_initiative"} []
[2025-11-10 07:07:29] ghi.ERROR: Login failed {"email":"admin@globalharmonyinitiative.com","error":"SQLSTATE[42S22]: Column not found: 1054 Unknown column 'password' in 'field list'"} []
[2025-11-10 07:07:37] ghi.INFO: Database connection established {"host":"localhost","database":"global_harmony_initiative"} []
[2025-11-10 07:07:37] ghi.ERROR: Login failed {"email":"admin@globalharmonyinitiative.com","error":"SQLSTATE[42S22]: Column not found: 1054 Unknown column 'password' in 'field list'"} []
[2025-11-10 07:07:54] ghi.INFO: Database connection established {"host":"localhost","database":"global_harmony_initiative"} []
[2025-11-10 07:07:54] ghi.ERROR: Login failed {"email":"admin@globalharmonyinitiative.com","error":"SQLSTATE[42S22]: Column not found: 1054 Unknown column 'password' in 'field list'"} []
[2025-11-10 07:31:28] ghi.INFO: Database connection established {"host":"localhost","database":"global_harmony_initiative"} []
[2025-11-10 07:31:28] ghi.ERROR: Login failed {"email":"admin@globalharmonyinitiative.com","error":"SQLSTATE[42S22]: Column not found: 1054 Unknown column 'password' in 'field list'"} []
[2025-11-10 07:31:49] ghi.INFO: Database connection established {"host":"localhost","database":"global_harmony_initiative"} []
[2025-11-10 07:31:49] ghi.ERROR: Password reset request failed {"email":"admin@globalharmonyinitiative.com","error":"SQLSTATE[42S22]: Column not found: 1054 Unknown column 'verified' in 'field list'"} []
[2025-11-10 07:49:53] ghi.INFO: Database connection established {"host":"localhost","database":"global_harmony_initiative"} []
[2025-11-10 07:58:32] ghi.INFO: Database connection established {"host":"localhost","database":"global_harmony_initiative"} []
[2025-11-10 07:59:47] ghi.INFO: Database connection established {"host":"localhost","database":"global_harmony_initiative"} []
[2025-11-10 08:02:02] ghi.INFO: Database connection established {"host":"localhost","database":"global_harmony_initiative"} []
[2025-11-10 08:03:53] ghi.INFO: Database connection established {"host":"localhost","database":"global_harmony_initiative"} []
[2025-11-10 08:06:42] ghi.INFO: Database connection established {"host":"localhost","database":"global_harmony_initiative"} []
[2025-11-10 08:11:13] ghi.INFO: Database connection established {"host":"localhost","database":"global_harmony_initiative"} []
[2025-11-10 08:12:45] ghi.INFO: Database connection established {"host":"localhost","database":"global_harmony_initiative"} []
[2025-11-10 08:12:45] ghi.ERROR: Login failed {"email":"admin.dev@example.com","error":"SQLSTATE[42S22]: Column not found: 1054 Unknown column 'password' in 'field list'"} []
[2025-11-10 08:14:21] ghi.INFO: Database connection established {"host":"localhost","database":"global_harmony_initiative"} []
[2025-11-10 08:14:24] ghi.INFO: Database connection established {"host":"localhost","database":"global_harmony_initiative"} []
[2025-11-10 08:14:55] ghi.INFO: Database connection established {"host":"localhost","database":"global_harmony_initiative"} []
[2025-11-10 08:14:55] ghi.ERROR: Login failed {"email":"admin.dev@example.com","error":"SQLSTATE[42S22]: Column not found: 1054 Unknown column 'password' in 'field list'"} []
[2025-11-10 08:17:22] ghi.INFO: Database connection established {"host":"localhost","database":"global_harmony_initiative"} []
[2025-11-10 08:22:34] ghi.INFO: Database connection established {"host":"localhost","database":"global_harmony_initiative"} []
[2025-11-10 08:23:40] ghi.INFO: Database connection established {"host":"localhost","database":"global_harmony_initiative"} []
[2025-11-10 08:24:05] ghi.INFO: Database connection established {"host":"localhost","database":"global_harmony_initiative"} []
[2025-11-10 08:25:13] ghi.INFO: Database connection established {"host":"localhost","database":"global_harmony_initiative"} []
[2025-11-10 08:29:19] ghi.INFO: Database connection established {"host":"localhost","database":"global_harmony_initiative"} []
[2025-11-10 08:31:23] ghi.INFO: Database connection established {"host":"localhost","database":"global_harmony_initiative"} []
[2025-11-10 08:31:28] ghi.INFO: Database connection established {"host":"localhost","database":"global_harmony_initiative"} []
[2025-11-10 08:31:46] ghi.INFO: Database connection established {"host":"localhost","database":"global_harmony_initiative"} []
[2025-11-10 08:31:46] ghi.INFO: User logged in {"email":"admin.dev@example.com","user_id":1} []
[2025-11-10 08:31:46] ghi.INFO: User logged in event handled {"user_id":1,"email":"admin.dev@example.com"} []
[2025-11-10 08:31:46] ghi.DEBUG: Event dispatched {"event":"user.logged_in"} []
[2025-11-10 08:31:46] ghi.INFO: Database connection established {"host":"localhost","database":"global_harmony_initiative"} []
[2025-11-10 08:31:55] ghi.INFO: Database connection established {"host":"localhost","database":"global_harmony_initiative"} []
[2025-11-10 08:32:16] ghi.INFO: Database connection established {"host":"localhost","database":"global_harmony_initiative"} []
[2025-11-10 08:38:23] ghi.INFO: Database connection established {"host":"localhost","database":"global_harmony_initiative"} []
[2025-11-10 08:44:59] ghi.INFO: Database connection established {"host":"localhost","database":"global_harmony_initiative"} []
[2025-11-10 08:59:21] ghi.INFO: Database connection established {"host":"localhost","database":"global_harmony_initiative"} []
[2025-11-10 08:59:47] ghi.INFO: Database connection established {"host":"localhost","database":"global_harmony_initiative"} []
[2025-11-10 09:01:46] ghi.INFO: Database connection established {"host":"localhost","database":"global_harmony_initiative"} []
[2025-11-10 09:15:36] ghi.INFO: Database connection established {"host":"localhost","database":"global_harmony_initiative"} []
[2025-11-10 09:17:22] ghi.INFO: Database connection established {"host":"localhost","database":"global_harmony_initiative"} []
[2025-11-10 09:17:35] ghi.INFO: Database connection established {"host":"localhost","database":"global_harmony_initiative"} []
[2025-11-10 09:29:37] ghi.INFO: Database connection established {"host":"localhost","database":"global_harmony_initiative"} []
[2025-11-10 09:29:43] ghi.INFO: Database connection established {"host":"localhost","database":"global_harmony_initiative"} []
[2025-11-10 09:29:50] ghi.INFO: Database connection established {"host":"localhost","database":"global_harmony_initiative"} []
[2025-11-10 09:30:00] ghi.INFO: Database connection established {"host":"localhost","database":"global_harmony_initiative"} []
[2025-11-10 09:31:58] ghi.INFO: Database connection established {"host":"localhost","database":"global_harmony_initiative"} []
[2025-11-10 09:32:37] ghi.INFO: Database connection established {"host":"localhost","database":"global_harmony_initiative"} []
[2025-11-10 09:32:38] ghi.INFO: Database connection established {"host":"localhost","database":"global_harmony_initiative"} []
[2025-11-10 09:32:50] ghi.INFO: Database connection established {"host":"localhost","database":"global_harmony_initiative"} []
[2025-11-10 09:34:21] ghi.INFO: Database connection established {"host":"localhost","database":"global_harmony_initiative"} []
[2025-11-10 09:57:35] ghi.INFO: Database connection established {"host":"localhost","database":"global_harmony_initiative"} []
[2025-11-10 09:58:11] ghi.INFO: Database connection established {"host":"localhost","database":"global_harmony_initiative"} []
[2025-11-10 09:58:26] ghi.INFO: Database connection established {"host":"localhost","database":"global_harmony_initiative"} []
[2025-11-10 09:58:35] ghi.INFO: Database connection established {"host":"localhost","database":"global_harmony_initiative"} []
[2025-11-10 12:48:38] ghi.INFO: Database connection established {"host":"localhost","database":"global_harmony_initiative"} []
[2025-11-10 13:21:30] ghi.INFO: Database connection established {"host":"localhost","database":"global_harmony_initiative"} []
[2025-11-10 13:21:49] ghi.INFO: Database connection established {"host":"localhost","database":"global_harmony_initiative"} []
[2025-11-10 13:21:59] ghi.INFO: Database connection established {"host":"localhost","database":"global_harmony_initiative"} []
[2025-11-10 13:23:25] ghi.INFO: Database connection established {"host":"localhost","database":"global_harmony_initiative"} []
[2025-11-10 13:30:29] ghi.INFO: Database connection established {"host":"localhost","database":"global_harmony_initiative"} []
