[2025-11-19 00:45:26] ghi.INFO: Database connection established {"host":"localhost","database":"global_harmony_initiative"} []
[2025-11-19 00:46:00] ghi.INFO: Database connection established {"host":"localhost","database":"global_harmony_initiative"} []
[2025-11-19 00:47:06] ghi.INFO: Database connection established {"host":"localhost","database":"global_harmony_initiative"} []
[2025-11-19 00:47:13] ghi.INFO: Database connection established {"host":"localhost","database":"global_harmony_initiative"} []
[2025-11-19 00:47:18] ghi.INFO: Database connection established {"host":"localhost","database":"global_harmony_initiative"} []
[2025-11-19 00:47:56] ghi.INFO: Database connection established {"host":"localhost","database":"global_harmony_initiative"} []
[2025-11-19 00:55:11] ghi.INFO: Database connection established {"host":"localhost","database":"global_harmony_initiative"} []
[2025-11-19 00:55:25] ghi.INFO: Database connection established {"host":"localhost","database":"global_harmony_initiative"} []
[2025-11-19 00:55:29] ghi.INFO: Database connection established {"host":"localhost","database":"global_harmony_initiative"} []
[2025-11-19 00:56:26] ghi.INFO: Database connection established {"host":"localhost","database":"global_harmony_initiative"} []
[2025-11-19 00:56:48] ghi.INFO: Database connection established {"host":"localhost","database":"global_harmony_initiative"} []
[2025-11-19 00:57:01] ghi.INFO: Database connection established {"host":"localhost","database":"global_harmony_initiative"} []
[2025-11-19 00:57:06] ghi.INFO: Database connection established {"host":"localhost","database":"global_harmony_initiative"} []
[2025-11-19 00:58:56] ghi.INFO: Database connection established {"host":"localhost","database":"global_harmony_initiative"} []
[2025-11-19 01:01:05] ghi.INFO: Database connection established {"host":"localhost","database":"global_harmony_initiative"} []
[2025-11-19 01:01:05] ghi.INFO: Database connection established {"host":"localhost","database":"global_harmony_initiative"} []
[2025-11-19 01:01:15] ghi.INFO: Database connection established {"host":"localhost","database":"global_harmony_initiative"} []
[2025-11-19 01:01:15] ghi.INFO: User logged in {"email":"admin.dev@example.com","user_id":1} []
[2025-11-19 01:01:15] ghi.INFO: User logged in event handled {"user_id":1,"email":"admin.dev@example.com"} []
[2025-11-19 01:01:15] ghi.DEBUG: Event dispatched {"event":"user.logged_in"} []
[2025-11-19 01:01:15] ghi.INFO: Database connection established {"host":"localhost","database":"global_harmony_initiative"} []
[2025-11-19 01:01:56] ghi.INFO: Database connection established {"host":"localhost","database":"global_harmony_initiative"} []
[2025-11-19 01:02:00] ghi.INFO: Database connection established {"host":"localhost","database":"global_harmony_initiative"} []
[2025-11-19 01:02:06] ghi.INFO: Database connection established {"host":"localhost","database":"global_harmony_initiative"} []
[2025-11-19 01:02:13] ghi.INFO: Database connection established {"host":"localhost","database":"global_harmony_initiative"} []
[2025-11-19 01:02:14] ghi.INFO: Database connection established {"host":"localhost","database":"global_harmony_initiative"} []
[2025-11-19 01:02:15] ghi.INFO: Database connection established {"host":"localhost","database":"global_harmony_initiative"} []
[2025-11-19 01:06:30] ghi.INFO: Database connection established {"host":"localhost","database":"global_harmony_initiative"} []
[2025-11-19 01:06:55] ghi.INFO: Database connection established {"host":"localhost","database":"global_harmony_initiative"} []
[2025-11-19 01:07:19] ghi.INFO: Database connection established {"host":"localhost","database":"global_harmony_initiative"} []
[2025-11-19 01:07:25] ghi.INFO: Database connection established {"host":"localhost","database":"global_harmony_initiative"} []
[2025-11-19 01:07:25] ghi.INFO: Database connection established {"host":"localhost","database":"global_harmony_initiative"} []
[2025-11-19 01:07:25] ghi.INFO: Database connection established {"host":"localhost","database":"global_harmony_initiative"} []
[2025-11-19 01:30:21] ghi.INFO: Database connection established {"host":"localhost","database":"global_harmony_initiative"} []
[2025-11-19 01:30:49] ghi.INFO: Database connection established {"host":"localhost","database":"global_harmony_initiative"} []
[2025-11-19 01:31:13] ghi.INFO: Database connection established {"host":"localhost","database":"global_harmony_initiative"} []
[2025-11-19 01:31:16] ghi.INFO: Database connection established {"host":"localhost","database":"global_harmony_initiative"} []
[2025-11-19 01:31:18] ghi.INFO: Database connection established {"host":"localhost","database":"global_harmony_initiative"} []
[2025-11-19 01:31:26] ghi.INFO: Database connection established {"host":"localhost","database":"global_harmony_initiative"} []
[2025-11-19 01:39:55] ghi.INFO: Database connection established {"host":"localhost","database":"global_harmony_initiative"} []
[2025-11-19 01:42:52] ghi.INFO: Database connection established {"host":"localhost","database":"global_harmony_initiative"} []
[2025-11-19 01:42:56] ghi.INFO: Database connection established {"host":"localhost","database":"global_harmony_initiative"} []
[2025-11-19 01:43:10] ghi.INFO: Database connection established {"host":"localhost","database":"global_harmony_initiative"} []
[2025-11-19 01:43:10] ghi.INFO: Database connection established {"host":"localhost","database":"global_harmony_initiative"} []
[2025-11-19 01:43:10] ghi.INFO: Database connection established {"host":"localhost","database":"global_harmony_initiative"} []
[2025-11-19 01:57:15] ghi.INFO: Database connection established {"host":"localhost","database":"global_harmony_initiative"} []
[2025-11-19 01:59:29] ghi.INFO: Database connection established {"host":"localhost","database":"global_harmony_initiative"} []
[2025-11-19 02:00:03] ghi.INFO: Database connection established {"host":"localhost","database":"global_harmony_initiative"} []
[2025-11-19 02:00:15] ghi.INFO: Database connection established {"host":"localhost","database":"global_harmony_initiative"} []
[2025-11-19 02:01:05] ghi.INFO: Database connection established {"host":"localhost","database":"global_harmony_initiative"} []
[2025-11-19 02:02:29] ghi.INFO: Database connection established {"host":"localhost","database":"global_harmony_initiative"} []
[2025-11-19 02:02:55] ghi.INFO: Database connection established {"host":"localhost","database":"global_harmony_initiative"} []
[2025-11-19 02:04:43] ghi.INFO: Database connection established {"host":"localhost","database":"global_harmony_initiative"} []
[2025-11-19 02:05:23] ghi.INFO: Database connection established {"host":"localhost","database":"global_harmony_initiative"} []
[2025-11-19 02:09:07] ghi.INFO: Database connection established {"host":"localhost","database":"global_harmony_initiative"} []
[2025-11-19 02:10:03] ghi.INFO: Database connection established {"host":"localhost","database":"global_harmony_initiative"} []
[2025-11-19 02:10:11] ghi.INFO: Database connection established {"host":"localhost","database":"global_harmony_initiative"} []
[2025-11-19 02:10:24] ghi.INFO: Database connection established {"host":"localhost","database":"global_harmony_initiative"} []
[2025-11-19 02:10:25] ghi.INFO: Database connection established {"host":"localhost","database":"global_harmony_initiative"} []
[2025-11-19 02:10:28] ghi.INFO: Database connection established {"host":"localhost","database":"global_harmony_initiative"} []
[2025-11-19 02:10:28] ghi.WARNING: Image too large for WebP conversion, skipping {"path":"Banners-and-portraits/pexels-ezeguna_graphy-sulaiman-muhammad-2153324075-34536427.jpg","dimensions":"5472x3648"} []
[2025-11-19 02:10:28] ghi.WARNING: Image too large for responsive size generation, skipping {"path":"Banners-and-portraits/pexels-ezeguna_graphy-sulaiman-muhammad-2153324075-34536427.jpg","dimensions":"5472x3648"} []
[2025-11-19 02:10:33] ghi.INFO: Database connection established {"host":"localhost","database":"global_harmony_initiative"} []
[2025-11-19 02:10:41] ghi.INFO: Database connection established {"host":"localhost","database":"global_harmony_initiative"} []
[2025-11-19 02:10:44] ghi.INFO: Database connection established {"host":"localhost","database":"global_harmony_initiative"} []
[2025-11-19 02:10:51] ghi.INFO: Database connection established {"host":"localhost","database":"global_harmony_initiative"} []
[2025-11-19 02:10:58] ghi.INFO: Database connection established {"host":"localhost","database":"global_harmony_initiative"} []
[2025-11-19 02:11:03] ghi.INFO: Database connection established {"host":"localhost","database":"global_harmony_initiative"} []
[2025-11-19 02:11:09] ghi.INFO: Database connection established {"host":"localhost","database":"global_harmony_initiative"} []
[2025-11-19 02:11:11] ghi.INFO: Database connection established {"host":"localhost","database":"global_harmony_initiative"} []
[2025-11-19 02:11:12] ghi.INFO: Database connection established {"host":"localhost","database":"global_harmony_initiative"} []
[2025-11-19 02:16:02] ghi.INFO: Database connection established {"host":"localhost","database":"global_harmony_initiative"} []
[2025-11-19 02:35:20] ghi.INFO: Database connection established {"host":"localhost","database":"global_harmony_initiative"} []
[2025-11-19 02:45:12] ghi.INFO: Database connection established {"host":"localhost","database":"global_harmony_initiative"} []
[2025-11-19 02:45:19] ghi.INFO: Database connection established {"host":"localhost","database":"global_harmony_initiative"} []
[2025-11-19 02:45:21] ghi.INFO: Database connection established {"host":"localhost","database":"global_harmony_initiative"} []
[2025-11-19 02:45:24] ghi.INFO: Database connection established {"host":"localhost","database":"global_harmony_initiative"} []
[2025-11-19 02:45:26] ghi.INFO: Database connection established {"host":"localhost","database":"global_harmony_initiative"} []
[2025-11-19 02:45:28] ghi.INFO: Database connection established {"host":"localhost","database":"global_harmony_initiative"} []
[2025-11-19 02:45:31] ghi.INFO: Database connection established {"host":"localhost","database":"global_harmony_initiative"} []
[2025-11-19 02:46:16] ghi.INFO: Database connection established {"host":"localhost","database":"global_harmony_initiative"} []
[2025-11-19 02:46:20] ghi.INFO: Database connection established {"host":"localhost","database":"global_harmony_initiative"} []
[2025-11-19 02:46:20] ghi.INFO: Database connection established {"host":"localhost","database":"global_harmony_initiative"} []
[2025-11-19 02:46:20] ghi.INFO: Database connection established {"host":"localhost","database":"global_harmony_initiative"} []
[2025-11-19 02:46:33] ghi.INFO: Database connection established {"host":"localhost","database":"global_harmony_initiative"} []
[2025-11-19 02:46:35] ghi.INFO: Database connection established {"host":"localhost","database":"global_harmony_initiative"} []
[2025-11-19 02:46:37] ghi.INFO: Database connection established {"host":"localhost","database":"global_harmony_initiative"} []
[2025-11-19 02:46:37] ghi.INFO: Database connection established {"host":"localhost","database":"global_harmony_initiative"} []
[2025-11-19 02:46:37] ghi.INFO: Database connection established {"host":"localhost","database":"global_harmony_initiative"} []
[2025-11-19 02:46:53] ghi.INFO: Database connection established {"host":"localhost","database":"global_harmony_initiative"} []
[2025-11-19 02:46:53] ghi.INFO: Database connection established {"host":"localhost","database":"global_harmony_initiative"} []
[2025-11-19 02:46:53] ghi.INFO: Database connection established {"host":"localhost","database":"global_harmony_initiative"} []
[2025-11-19 02:47:00] ghi.INFO: Database connection established {"host":"localhost","database":"global_harmony_initiative"} []
[2025-11-19 02:47:00] ghi.INFO: Database connection established {"host":"localhost","database":"global_harmony_initiative"} []
[2025-11-19 02:47:00] ghi.INFO: Database connection established {"host":"localhost","database":"global_harmony_initiative"} []
[2025-11-19 02:49:26] ghi.INFO: Database connection established {"host":"localhost","database":"global_harmony_initiative"} []
[2025-11-19 02:49:31] ghi.INFO: Database connection established {"host":"localhost","database":"global_harmony_initiative"} []
[2025-11-19 02:49:33] ghi.INFO: Database connection established {"host":"localhost","database":"global_harmony_initiative"} []
[2025-11-19 02:49:51] ghi.INFO: Database connection established {"host":"localhost","database":"global_harmony_initiative"} []
[2025-11-19 02:50:15] ghi.INFO: Database connection established {"host":"localhost","database":"global_harmony_initiative"} []
[2025-11-19 02:50:19] ghi.INFO: Database connection established {"host":"localhost","database":"global_harmony_initiative"} []
[2025-11-19 02:50:25] ghi.INFO: Database connection established {"host":"localhost","database":"global_harmony_initiative"} []
[2025-11-19 02:50:31] ghi.INFO: Database connection established {"host":"localhost","database":"global_harmony_initiative"} []
[2025-11-19 02:51:17] ghi.INFO: Database connection established {"host":"localhost","database":"global_harmony_initiative"} []
[2025-11-19 02:51:26] ghi.INFO: Database connection established {"host":"localhost","database":"global_harmony_initiative"} []
[2025-11-19 02:51:26] ghi.INFO: Database connection established {"host":"localhost","database":"global_harmony_initiative"} []
[2025-11-19 02:51:26] ghi.INFO: Database connection established {"host":"localhost","database":"global_harmony_initiative"} []
[2025-11-19 02:51:32] ghi.INFO: Database connection established {"host":"localhost","database":"global_harmony_initiative"} []
[2025-11-19 02:51:32] ghi.INFO: Database connection established {"host":"localhost","database":"global_harmony_initiative"} []
[2025-11-19 02:51:32] ghi.INFO: Database connection established {"host":"localhost","database":"global_harmony_initiative"} []
[2025-11-19 03:11:49] ghi.INFO: Database connection established {"host":"localhost","database":"global_harmony_initiative"} []
[2025-11-19 03:11:50] ghi.INFO: Database connection established {"host":"localhost","database":"global_harmony_initiative"} []
[2025-11-19 03:13:53] ghi.INFO: Database connection established {"host":"localhost","database":"global_harmony_initiative"} []
[2025-11-19 03:14:01] ghi.INFO: Database connection established {"host":"localhost","database":"global_harmony_initiative"} []
[2025-11-19 03:14:05] ghi.INFO: Database connection established {"host":"localhost","database":"global_harmony_initiative"} []
[2025-11-19 03:15:55] ghi.INFO: Database connection established {"host":"localhost","database":"global_harmony_initiative"} []
[2025-11-19 03:19:29] ghi.INFO: Database connection established {"host":"localhost","database":"global_harmony_initiative"} []
[2025-11-19 03:19:29] ghi.INFO: User logged out {"email":"admin.dev@example.com"} []
[2025-11-19 03:19:29] ghi.INFO: Database connection established {"host":"localhost","database":"global_harmony_initiative"} []
[2025-11-19 11:14:24] ghi.INFO: Database connection established {"host":"localhost","database":"global_harmony_initiative"} []
[2025-11-19 11:14:38] ghi.INFO: Database connection established {"host":"localhost","database":"global_harmony_initiative"} []
[2025-11-19 11:15:23] ghi.INFO: Database connection established {"host":"localhost","database":"global_harmony_initiative"} []
[2025-11-19 11:16:29] ghi.INFO: Database connection established {"host":"localhost","database":"global_harmony_initiative"} []
[2025-11-19 11:16:29] ghi.INFO: Database connection established {"host":"localhost","database":"global_harmony_initiative"} []
[2025-11-19 11:17:04] ghi.INFO: Database connection established {"host":"localhost","database":"global_harmony_initiative"} []
[2025-11-19 11:18:29] ghi.INFO: Database connection established {"host":"localhost","database":"global_harmony_initiative"} []
[2025-11-19 11:18:29] ghi.INFO: Database connection established {"host":"localhost","database":"global_harmony_initiative"} []
[2025-11-19 11:18:40] ghi.INFO: Database connection established {"host":"localhost","database":"global_harmony_initiative"} []
[2025-11-19 11:18:40] ghi.INFO: User logged in {"email":"admin.dev@example.com","user_id":1} []
[2025-11-19 11:18:40] ghi.INFO: User logged in event handled {"user_id":1,"email":"admin.dev@example.com"} []
[2025-11-19 11:18:40] ghi.DEBUG: Event dispatched {"event":"user.logged_in"} []
[2025-11-19 11:18:40] ghi.INFO: Database connection established {"host":"localhost","database":"global_harmony_initiative"} []
[2025-11-19 11:18:54] ghi.INFO: Database connection established {"host":"localhost","database":"global_harmony_initiative"} []
[2025-11-19 11:19:08] ghi.INFO: Database connection established {"host":"localhost","database":"global_harmony_initiative"} []
[2025-11-19 11:19:14] ghi.INFO: Database connection established {"host":"localhost","database":"global_harmony_initiative"} []
[2025-11-19 11:19:19] ghi.INFO: Database connection established {"host":"localhost","database":"global_harmony_initiative"} []
[2025-11-19 11:19:23] ghi.INFO: Database connection established {"host":"localhost","database":"global_harmony_initiative"} []
[2025-11-19 11:19:27] ghi.INFO: Database connection established {"host":"localhost","database":"global_harmony_initiative"} []
[2025-11-19 11:19:31] ghi.INFO: Database connection established {"host":"localhost","database":"global_harmony_initiative"} []
[2025-11-19 11:19:31] ghi.INFO: Database connection established {"host":"localhost","database":"global_harmony_initiative"} []
[2025-11-19 11:19:31] ghi.INFO: Database connection established {"host":"localhost","database":"global_harmony_initiative"} []
[2025-11-19 11:19:32] ghi.INFO: Database connection established {"host":"localhost","database":"global_harmony_initiative"} []
[2025-11-19 11:19:32] ghi.INFO: Database connection established {"host":"localhost","database":"global_harmony_initiative"} []
[2025-11-19 11:19:32] ghi.INFO: Database connection established {"host":"localhost","database":"global_harmony_initiative"} []
[2025-11-19 11:19:36] ghi.INFO: Database connection established {"host":"localhost","database":"global_harmony_initiative"} []
[2025-11-19 11:21:42] ghi.INFO: Database connection established {"host":"localhost","database":"global_harmony_initiative"} []
[2025-11-19 11:36:15] ghi.INFO: Database connection established {"host":"localhost","database":"global_harmony_initiative"} []
[2025-11-19 11:36:15] ghi.INFO: Database connection established {"host":"localhost","database":"global_harmony_initiative"} []
[2025-11-19 11:36:55] ghi.INFO: Database connection established {"host":"localhost","database":"global_harmony_initiative"} []
[2025-11-19 11:36:55] ghi.WARNING: Login failed: Invalid email {"email":"admin@example.com"} []
[2025-11-19 11:38:25] ghi.INFO: Database connection established {"host":"localhost","database":"global_harmony_initiative"} []
[2025-11-19 11:38:27] ghi.WARNING: Login failed: Invalid password {"email":"admin.dev@example.com"} []
[2025-11-19 11:38:59] ghi.INFO: Database connection established {"host":"localhost","database":"global_harmony_initiative"} []
[2025-11-19 11:38:59] ghi.INFO: User logged in {"email":"admin.dev@example.com","user_id":1} []
[2025-11-19 11:38:59] ghi.INFO: User logged in event handled {"user_id":1,"email":"admin.dev@example.com"} []
[2025-11-19 11:38:59] ghi.DEBUG: Event dispatched {"event":"user.logged_in"} []
[2025-11-19 11:38:59] ghi.INFO: Database connection established {"host":"localhost","database":"global_harmony_initiative"} []
[2025-11-19 11:39:07] ghi.INFO: Database connection established {"host":"localhost","database":"global_harmony_initiative"} []
[2025-11-19 11:39:13] ghi.INFO: Database connection established {"host":"localhost","database":"global_harmony_initiative"} []
[2025-11-19 11:40:06] ghi.INFO: Database connection established {"host":"localhost","database":"global_harmony_initiative"} []
[2025-11-19 11:40:27] ghi.INFO: Database connection established {"host":"localhost","database":"global_harmony_initiative"} []
[2025-11-19 11:49:11] ghi.INFO: Database connection established {"host":"localhost","database":"global_harmony_initiative"} []
[2025-11-19 11:51:45] ghi.INFO: Database connection established {"host":"localhost","database":"global_harmony_initiative"} []
[2025-11-19 12:09:17] ghi.INFO: Database connection established {"host":"localhost","database":"global_harmony_initiative"} []
[2025-11-19 12:09:21] ghi.INFO: Database connection established {"host":"localhost","database":"global_harmony_initiative"} []
[2025-11-19 12:17:07] ghi.INFO: Database connection established {"host":"localhost","database":"global_harmony_initiative"} []
[2025-11-19 12:17:13] ghi.INFO: Database connection established {"host":"localhost","database":"global_harmony_initiative"} []
[2025-11-19 12:17:13] ghi.INFO: User logged out {"email":"admin.dev@example.com"} []
[2025-11-19 12:17:13] ghi.INFO: Database connection established {"host":"localhost","database":"global_harmony_initiative"} []
[2025-11-19 12:17:40] ghi.INFO: Database connection established {"host":"localhost","database":"global_harmony_initiative"} []
[2025-11-19 12:17:40] ghi.INFO: User logged in {"email":"admin.dev@example.com","user_id":1} []
[2025-11-19 12:17:40] ghi.INFO: User logged in event handled {"user_id":1,"email":"admin.dev@example.com"} []
[2025-11-19 12:17:40] ghi.DEBUG: Event dispatched {"event":"user.logged_in"} []
[2025-11-19 12:17:40] ghi.INFO: Database connection established {"host":"localhost","database":"global_harmony_initiative"} []
[2025-11-19 12:18:41] ghi.INFO: Database connection established {"host":"localhost","database":"global_harmony_initiative"} []
[2025-11-19 12:19:15] ghi.INFO: Database connection established {"host":"localhost","database":"global_harmony_initiative"} []
[2025-11-19 12:19:22] ghi.INFO: Database connection established {"host":"localhost","database":"global_harmony_initiative"} []
[2025-11-19 12:19:58] ghi.INFO: Database connection established {"host":"localhost","database":"global_harmony_initiative"} []
[2025-11-19 12:19:59] ghi.INFO: Database connection established {"host":"localhost","database":"global_harmony_initiative"} []
[2025-11-19 12:20:00] ghi.INFO: Database connection established {"host":"localhost","database":"global_harmony_initiative"} []
[2025-11-19 12:20:48] ghi.INFO: Database connection established {"host":"localhost","database":"global_harmony_initiative"} []
[2025-11-19 12:21:03] ghi.INFO: Database connection established {"host":"localhost","database":"global_harmony_initiative"} []
[2025-11-19 12:21:08] ghi.INFO: Database connection established {"host":"localhost","database":"global_harmony_initiative"} []
[2025-11-19 12:21:34] ghi.INFO: Database connection established {"host":"localhost","database":"global_harmony_initiative"} []
[2025-11-19 12:21:53] ghi.INFO: Database connection established {"host":"localhost","database":"global_harmony_initiative"} []
[2025-11-19 12:23:00] ghi.INFO: Database connection established {"host":"localhost","database":"global_harmony_initiative"} []
[2025-11-19 12:23:11] ghi.INFO: Database connection established {"host":"localhost","database":"global_harmony_initiative"} []
[2025-11-19 12:23:14] ghi.INFO: Database connection established {"host":"localhost","database":"global_harmony_initiative"} []
[2025-11-19 12:23:15] ghi.INFO: Database connection established {"host":"localhost","database":"global_harmony_initiative"} []
[2025-11-19 12:23:25] ghi.INFO: Database connection established {"host":"localhost","database":"global_harmony_initiative"} []
[2025-11-19 12:44:26] ghi.INFO: Database connection established {"host":"localhost","database":"global_harmony_initiative"} []
[2025-11-19 12:44:26] ghi.INFO: User logged out {"email":"admin.dev@example.com"} []
[2025-11-19 12:44:26] ghi.INFO: Database connection established {"host":"localhost","database":"global_harmony_initiative"} []
[2025-11-19 12:45:26] ghi.INFO: Database connection established {"host":"localhost","database":"global_harmony_initiative"} []
[2025-11-19 12:57:12] ghi.INFO: Database connection established {"host":"localhost","database":"global_harmony_initiative"} []
[2025-11-19 13:02:41] ghi.INFO: Database connection established {"host":"localhost","database":"global_harmony_initiative"} []
[2025-11-19 13:03:22] ghi.INFO: Database connection established {"host":"localhost","database":"global_harmony_initiative"} []
[2025-11-19 13:04:47] ghi.INFO: Database connection established {"host":"localhost","database":"global_harmony_initiative"} []
[2025-11-19 13:24:58] ghi.INFO: Database connection established {"host":"localhost","database":"global_harmony_initiative"} []
[2025-11-19 15:49:23] ghi.INFO: Database connection established {"host":"localhost","database":"global_harmony_initiative"} []
[2025-11-19 15:51:32] ghi.INFO: Database connection established {"host":"localhost","database":"global_harmony_initiative"} []
[2025-11-19 15:51:40] ghi.INFO: Database connection established {"host":"localhost","database":"global_harmony_initiative"} []
[2025-11-19 15:54:13] ghi.INFO: Database connection established {"host":"localhost","database":"global_harmony_initiative"} []
[2025-11-19 15:59:03] ghi.INFO: Database connection established {"host":"localhost","database":"global_harmony_initiative"} []
[2025-11-19 16:06:28] ghi.INFO: Database connection established {"host":"localhost","database":"global_harmony_initiative"} []
[2025-11-19 16:10:21] ghi.INFO: Database connection established {"host":"localhost","database":"global_harmony_initiative"} []
[2025-11-19 16:29:56] ghi.INFO: Database connection established {"host":"localhost","database":"global_harmony_initiative"} []
[2025-11-19 16:39:48] ghi.INFO: Database connection established {"host":"localhost","database":"global_harmony_initiative"} []
