[2025-11-18 00:54:00] ghi.INFO: Database connection established {"host":"localhost","database":"global_harmony_initiative"} []
[2025-11-18 01:01:30] ghi.INFO: Database connection established {"host":"localhost","database":"global_harmony_initiative"} []
[2025-11-18 01:05:44] ghi.INFO: Database connection established {"host":"localhost","database":"global_harmony_initiative"} []
[2025-11-18 01:08:03] ghi.INFO: Database connection established {"host":"localhost","database":"global_harmony_initiative"} []
[2025-11-18 01:12:15] ghi.INFO: Database connection established {"host":"localhost","database":"global_harmony_initiative"} []
[2025-11-18 01:15:50] ghi.INFO: Database connection established {"host":"localhost","database":"global_harmony_initiative"} []
[2025-11-18 01:16:30] ghi.INFO: Database connection established {"host":"localhost","database":"global_harmony_initiative"} []
[2025-11-18 01:18:56] ghi.INFO: Database connection established {"host":"localhost","database":"global_harmony_initiative"} []
[2025-11-18 01:22:46] ghi.INFO: Database connection established {"host":"localhost","database":"global_harmony_initiative"} []
[2025-11-18 01:25:16] ghi.INFO: Database connection established {"host":"localhost","database":"global_harmony_initiative"} []
[2025-11-18 01:31:49] ghi.INFO: Database connection established {"host":"localhost","database":"global_harmony_initiative"} []
[2025-11-18 01:33:25] ghi.INFO: Database connection established {"host":"localhost","database":"global_harmony_initiative"} []
[2025-11-18 01:34:49] ghi.INFO: Database connection established {"host":"localhost","database":"global_harmony_initiative"} []
[2025-11-18 01:35:40] ghi.INFO: Database connection established {"host":"localhost","database":"global_harmony_initiative"} []
[2025-11-18 01:37:59] ghi.INFO: Database connection established {"host":"localhost","database":"global_harmony_initiative"} []
[2025-11-18 01:43:32] ghi.INFO: Database connection established {"host":"localhost","database":"global_harmony_initiative"} []
[2025-11-18 01:44:43] ghi.INFO: Database connection established {"host":"localhost","database":"global_harmony_initiative"} []
[2025-11-18 01:46:21] ghi.INFO: Database connection established {"host":"localhost","database":"global_harmony_initiative"} []
[2025-11-18 01:46:49] ghi.INFO: Database connection established {"host":"localhost","database":"global_harmony_initiative"} []
[2025-11-18 01:48:38] ghi.INFO: Database connection established {"host":"localhost","database":"global_harmony_initiative"} []
[2025-11-18 01:54:29] ghi.INFO: Database connection established {"host":"localhost","database":"global_harmony_initiative"} []
[2025-11-18 02:49:13] ghi.INFO: Database connection established {"host":"localhost","database":"global_harmony_initiative"} []
[2025-11-18 02:49:16] ghi.INFO: Database connection established {"host":"localhost","database":"global_harmony_initiative"} []
[2025-11-18 02:50:28] ghi.INFO: Database connection established {"host":"localhost","database":"global_harmony_initiative"} []
[2025-11-18 02:50:30] ghi.INFO: User logged in {"email":"admin.dev@example.com","user_id":1} []
[2025-11-18 02:50:30] ghi.INFO: User logged in event handled {"user_id":1,"email":"admin.dev@example.com"} []
[2025-11-18 02:50:30] ghi.DEBUG: Event dispatched {"event":"user.logged_in"} []
[2025-11-18 02:50:30] ghi.INFO: Database connection established {"host":"localhost","database":"global_harmony_initiative"} []
[2025-11-18 02:50:53] ghi.INFO: Database connection established {"host":"localhost","database":"global_harmony_initiative"} []
[2025-11-18 02:51:10] ghi.INFO: Database connection established {"host":"localhost","database":"global_harmony_initiative"} []
[2025-11-18 02:51:59] ghi.INFO: Database connection established {"host":"localhost","database":"global_harmony_initiative"} []
[2025-11-18 02:52:06] ghi.INFO: Database connection established {"host":"localhost","database":"global_harmony_initiative"} []
[2025-11-18 02:52:10] ghi.INFO: Database connection established {"host":"localhost","database":"global_harmony_initiative"} []
[2025-11-18 02:53:16] ghi.INFO: Database connection established {"host":"localhost","database":"global_harmony_initiative"} []
[2025-11-18 02:53:27] ghi.INFO: Database connection established {"host":"localhost","database":"global_harmony_initiative"} []
[2025-11-18 02:53:30] ghi.INFO: Database connection established {"host":"localhost","database":"global_harmony_initiative"} []
[2025-11-18 03:51:10] ghi.INFO: Database connection established {"host":"localhost","database":"global_harmony_initiative"} []
[2025-11-18 03:51:16] ghi.INFO: Database connection established {"host":"localhost","database":"global_harmony_initiative"} []
[2025-11-18 03:51:24] ghi.INFO: Database connection established {"host":"localhost","database":"global_harmony_initiative"} []
[2025-11-18 03:51:32] ghi.INFO: Database connection established {"host":"localhost","database":"global_harmony_initiative"} []
[2025-11-18 03:52:52] ghi.INFO: Database connection established {"host":"localhost","database":"global_harmony_initiative"} []
[2025-11-18 03:52:56] ghi.INFO: Database connection established {"host":"localhost","database":"global_harmony_initiative"} []
[2025-11-18 03:53:06] ghi.INFO: Database connection established {"host":"localhost","database":"global_harmony_initiative"} []
[2025-11-18 03:53:08] ghi.INFO: Database connection established {"host":"localhost","database":"global_harmony_initiative"} []
[2025-11-18 03:53:40] ghi.INFO: Database connection established {"host":"localhost","database":"global_harmony_initiative"} []
[2025-11-18 03:54:27] ghi.INFO: Database connection established {"host":"localhost","database":"global_harmony_initiative"} []
[2025-11-18 03:56:20] ghi.INFO: Database connection established {"host":"localhost","database":"global_harmony_initiative"} []
[2025-11-18 03:56:39] ghi.INFO: Database connection established {"host":"localhost","database":"global_harmony_initiative"} []
[2025-11-18 03:56:52] ghi.INFO: Database connection established {"host":"localhost","database":"global_harmony_initiative"} []
[2025-11-18 03:57:00] ghi.INFO: Database connection established {"host":"localhost","database":"global_harmony_initiative"} []
[2025-11-18 03:57:00] ghi.INFO: Database connection established {"host":"localhost","database":"global_harmony_initiative"} []
[2025-11-18 04:10:30] ghi.INFO: Database connection established {"host":"localhost","database":"global_harmony_initiative"} []
[2025-11-18 04:10:31] ghi.INFO: Database connection established {"host":"localhost","database":"global_harmony_initiative"} []
[2025-11-18 04:10:31] ghi.INFO: Database connection established {"host":"localhost","database":"global_harmony_initiative"} []
[2025-11-18 04:34:10] ghi.INFO: Database connection established {"host":"localhost","database":"global_harmony_initiative"} []
[2025-11-18 04:34:10] ghi.INFO: Database connection established {"host":"localhost","database":"global_harmony_initiative"} []
[2025-11-18 04:34:58] ghi.INFO: Database connection established {"host":"localhost","database":"global_harmony_initiative"} []
[2025-11-18 04:34:58] ghi.INFO: Database connection established {"host":"localhost","database":"global_harmony_initiative"} []
[2025-11-18 04:35:22] ghi.INFO: Database connection established {"host":"localhost","database":"global_harmony_initiative"} []
[2025-11-18 04:35:23] ghi.INFO: Database connection established {"host":"localhost","database":"global_harmony_initiative"} []
[2025-11-18 04:35:23] ghi.INFO: Database connection established {"host":"localhost","database":"global_harmony_initiative"} []
[2025-11-18 04:37:52] ghi.INFO: Database connection established {"host":"localhost","database":"global_harmony_initiative"} []
[2025-11-18 04:37:52] ghi.INFO: Database connection established {"host":"localhost","database":"global_harmony_initiative"} []
[2025-11-18 04:37:53] ghi.INFO: Database connection established {"host":"localhost","database":"global_harmony_initiative"} []
[2025-11-18 04:37:53] ghi.INFO: Database connection established {"host":"localhost","database":"global_harmony_initiative"} []
[2025-11-18 04:38:35] ghi.INFO: Database connection established {"host":"localhost","database":"global_harmony_initiative"} []
[2025-11-18 04:38:36] ghi.INFO: Database connection established {"host":"localhost","database":"global_harmony_initiative"} []
[2025-11-18 04:38:37] ghi.INFO: Database connection established {"host":"localhost","database":"global_harmony_initiative"} []
[2025-11-18 04:38:37] ghi.INFO: Database connection established {"host":"localhost","database":"global_harmony_initiative"} []
[2025-11-18 04:38:41] ghi.INFO: Database connection established {"host":"localhost","database":"global_harmony_initiative"} []
[2025-11-18 04:38:41] ghi.INFO: Database connection established {"host":"localhost","database":"global_harmony_initiative"} []
[2025-11-18 04:38:43] ghi.INFO: Database connection established {"host":"localhost","database":"global_harmony_initiative"} []
[2025-11-18 04:38:44] ghi.INFO: Database connection established {"host":"localhost","database":"global_harmony_initiative"} []
[2025-11-18 04:39:19] ghi.INFO: Database connection established {"host":"localhost","database":"global_harmony_initiative"} []
[2025-11-18 04:39:21] ghi.INFO: Database connection established {"host":"localhost","database":"global_harmony_initiative"} []
[2025-11-18 04:39:21] ghi.INFO: Database connection established {"host":"localhost","database":"global_harmony_initiative"} []
[2025-11-18 04:39:21] ghi.INFO: Database connection established {"host":"localhost","database":"global_harmony_initiative"} []
[2025-11-18 04:39:33] ghi.INFO: Database connection established {"host":"localhost","database":"global_harmony_initiative"} []
[2025-11-18 04:39:34] ghi.INFO: Database connection established {"host":"localhost","database":"global_harmony_initiative"} []
[2025-11-18 04:39:35] ghi.INFO: Database connection established {"host":"localhost","database":"global_harmony_initiative"} []
[2025-11-18 04:39:35] ghi.INFO: Database connection established {"host":"localhost","database":"global_harmony_initiative"} []
[2025-11-18 04:39:53] ghi.INFO: Database connection established {"host":"localhost","database":"global_harmony_initiative"} []
[2025-11-18 04:39:53] ghi.INFO: Database connection established {"host":"localhost","database":"global_harmony_initiative"} []
[2025-11-18 04:39:53] ghi.INFO: Database connection established {"host":"localhost","database":"global_harmony_initiative"} []
[2025-11-18 04:39:54] ghi.INFO: Database connection established {"host":"localhost","database":"global_harmony_initiative"} []
[2025-11-18 05:22:24] ghi.INFO: Database connection established {"host":"localhost","database":"global_harmony_initiative"} []
[2025-11-18 05:22:26] ghi.INFO: Database connection established {"host":"localhost","database":"global_harmony_initiative"} []
[2025-11-18 05:22:27] ghi.INFO: Database connection established {"host":"localhost","database":"global_harmony_initiative"} []
[2025-11-18 05:22:59] ghi.INFO: Database connection established {"host":"localhost","database":"global_harmony_initiative"} []
[2025-11-18 05:23:00] ghi.INFO: Database connection established {"host":"localhost","database":"global_harmony_initiative"} []
[2025-11-18 05:23:00] ghi.INFO: Database connection established {"host":"localhost","database":"global_harmony_initiative"} []
[2025-11-18 05:23:32] ghi.INFO: Database connection established {"host":"localhost","database":"global_harmony_initiative"} []
[2025-11-18 05:23:33] ghi.INFO: Database connection established {"host":"localhost","database":"global_harmony_initiative"} []
[2025-11-18 05:23:33] ghi.INFO: Database connection established {"host":"localhost","database":"global_harmony_initiative"} []
[2025-11-18 05:23:46] ghi.INFO: Database connection established {"host":"localhost","database":"global_harmony_initiative"} []
[2025-11-18 05:27:36] ghi.INFO: Database connection established {"host":"localhost","database":"global_harmony_initiative"} []
[2025-11-18 05:27:37] ghi.INFO: Database connection established {"host":"localhost","database":"global_harmony_initiative"} []
[2025-11-18 05:27:37] ghi.INFO: Database connection established {"host":"localhost","database":"global_harmony_initiative"} []
[2025-11-18 05:29:06] ghi.INFO: Database connection established {"host":"localhost","database":"global_harmony_initiative"} []
[2025-11-18 05:29:06] ghi.INFO: Database connection established {"host":"localhost","database":"global_harmony_initiative"} []
[2025-11-18 05:29:06] ghi.INFO: Database connection established {"host":"localhost","database":"global_harmony_initiative"} []
[2025-11-18 05:29:13] ghi.INFO: Database connection established {"host":"localhost","database":"global_harmony_initiative"} []
[2025-11-18 05:29:14] ghi.INFO: Database connection established {"host":"localhost","database":"global_harmony_initiative"} []
[2025-11-18 05:29:14] ghi.INFO: Database connection established {"host":"localhost","database":"global_harmony_initiative"} []
[2025-11-18 05:31:58] ghi.INFO: Database connection established {"host":"localhost","database":"global_harmony_initiative"} []
[2025-11-18 05:31:59] ghi.INFO: Database connection established {"host":"localhost","database":"global_harmony_initiative"} []
[2025-11-18 05:31:59] ghi.INFO: Database connection established {"host":"localhost","database":"global_harmony_initiative"} []
[2025-11-18 05:32:06] ghi.INFO: Database connection established {"host":"localhost","database":"global_harmony_initiative"} []
[2025-11-18 05:32:07] ghi.INFO: Database connection established {"host":"localhost","database":"global_harmony_initiative"} []
[2025-11-18 05:32:07] ghi.INFO: Database connection established {"host":"localhost","database":"global_harmony_initiative"} []
[2025-11-18 08:12:14] ghi.INFO: Database connection established {"host":"localhost","database":"global_harmony_initiative"} []
[2025-11-18 08:12:15] ghi.INFO: Database connection established {"host":"localhost","database":"global_harmony_initiative"} []
[2025-11-18 08:12:15] ghi.INFO: Database connection established {"host":"localhost","database":"global_harmony_initiative"} []
[2025-11-18 08:12:51] ghi.INFO: Database connection established {"host":"localhost","database":"global_harmony_initiative"} []
[2025-11-18 08:12:51] ghi.INFO: Database connection established {"host":"localhost","database":"global_harmony_initiative"} []
[2025-11-18 08:12:52] ghi.INFO: Database connection established {"host":"localhost","database":"global_harmony_initiative"} []
[2025-11-18 08:13:19] ghi.INFO: Database connection established {"host":"localhost","database":"global_harmony_initiative"} []
[2025-11-18 08:14:45] ghi.INFO: Database connection established {"host":"localhost","database":"global_harmony_initiative"} []
[2025-11-18 08:22:03] ghi.INFO: Database connection established {"host":"localhost","database":"global_harmony_initiative"} []
[2025-11-18 08:29:19] ghi.INFO: Database connection established {"host":"localhost","database":"global_harmony_initiative"} []
[2025-11-18 08:30:57] ghi.INFO: Database connection established {"host":"localhost","database":"global_harmony_initiative"} []
[2025-11-18 08:31:30] ghi.INFO: Database connection established {"host":"localhost","database":"global_harmony_initiative"} []
[2025-11-18 09:47:49] ghi.INFO: Database connection established {"host":"localhost","database":"global_harmony_initiative"} []
[2025-11-18 09:47:57] ghi.INFO: Database connection established {"host":"localhost","database":"global_harmony_initiative"} []
[2025-11-18 09:47:57] ghi.INFO: Database connection established {"host":"localhost","database":"global_harmony_initiative"} []
[2025-11-18 10:08:23] ghi.INFO: Database connection established {"host":"localhost","database":"global_harmony_initiative"} []
[2025-11-18 10:08:24] ghi.INFO: Database connection established {"host":"localhost","database":"global_harmony_initiative"} []
[2025-11-18 10:08:24] ghi.INFO: Database connection established {"host":"localhost","database":"global_harmony_initiative"} []
[2025-11-18 10:37:56] ghi.INFO: Database connection established {"host":"localhost","database":"global_harmony_initiative"} []
[2025-11-18 10:37:58] ghi.INFO: Database connection established {"host":"localhost","database":"global_harmony_initiative"} []
[2025-11-18 10:38:25] ghi.INFO: Database connection established {"host":"localhost","database":"global_harmony_initiative"} []
[2025-11-18 10:38:44] ghi.INFO: Database connection established {"host":"localhost","database":"global_harmony_initiative"} []
[2025-11-18 10:38:59] ghi.INFO: Database connection established {"host":"localhost","database":"global_harmony_initiative"} []
[2025-11-18 12:23:40] ghi.INFO: Database connection established {"host":"localhost","database":"global_harmony_initiative"} []
[2025-11-18 12:26:07] ghi.INFO: Database connection established {"host":"localhost","database":"global_harmony_initiative"} []
[2025-11-18 12:26:07] ghi.INFO: Database connection established {"host":"localhost","database":"global_harmony_initiative"} []
[2025-11-18 12:28:41] ghi.INFO: Database connection established {"host":"localhost","database":"global_harmony_initiative"} []
[2025-11-18 12:28:41] ghi.INFO: User logged in {"email":"admin.dev@example.com","user_id":1} []
[2025-11-18 12:28:41] ghi.INFO: User logged in event handled {"user_id":1,"email":"admin.dev@example.com"} []
[2025-11-18 12:28:41] ghi.DEBUG: Event dispatched {"event":"user.logged_in"} []
[2025-11-18 12:28:41] ghi.INFO: Database connection established {"host":"localhost","database":"global_harmony_initiative"} []
[2025-11-18 12:46:56] ghi.INFO: Database connection established {"host":"localhost","database":"global_harmony_initiative"} []
[2025-11-18 13:10:37] ghi.INFO: Database connection established {"host":"localhost","database":"global_harmony_initiative"} []
[2025-11-18 13:21:17] ghi.INFO: Database connection established {"host":"localhost","database":"global_harmony_initiative"} []
[2025-11-18 13:23:16] ghi.INFO: Database connection established {"host":"localhost","database":"global_harmony_initiative"} []
[2025-11-18 13:23:27] ghi.INFO: Database connection established {"host":"localhost","database":"global_harmony_initiative"} []
[2025-11-18 13:23:34] ghi.INFO: Database connection established {"host":"localhost","database":"global_harmony_initiative"} []
[2025-11-18 13:23:59] ghi.INFO: Database connection established {"host":"localhost","database":"global_harmony_initiative"} []
[2025-11-18 13:24:00] ghi.INFO: Database connection established {"host":"localhost","database":"global_harmony_initiative"} []
[2025-11-18 13:32:52] ghi.INFO: Database connection established {"host":"localhost","database":"global_harmony_initiative"} []
[2025-11-18 13:34:50] ghi.INFO: Database connection established {"host":"localhost","database":"global_harmony_initiative"} []
[2025-11-18 13:35:19] ghi.INFO: Database connection established {"host":"localhost","database":"global_harmony_initiative"} []
[2025-11-18 13:35:29] ghi.INFO: Database connection established {"host":"localhost","database":"global_harmony_initiative"} []
[2025-11-18 13:46:52] ghi.INFO: Database connection established {"host":"localhost","database":"global_harmony_initiative"} []
[2025-11-18 13:46:57] ghi.INFO: Database connection established {"host":"localhost","database":"global_harmony_initiative"} []
[2025-11-18 13:47:25] ghi.INFO: Database connection established {"host":"localhost","database":"global_harmony_initiative"} []
[2025-11-18 13:47:48] ghi.INFO: Database connection established {"host":"localhost","database":"global_harmony_initiative"} []
[2025-11-18 13:47:49] ghi.INFO: Database connection established {"host":"localhost","database":"global_harmony_initiative"} []
[2025-11-18 13:47:55] ghi.INFO: Database connection established {"host":"localhost","database":"global_harmony_initiative"} []
[2025-11-18 13:48:25] ghi.INFO: Database connection established {"host":"localhost","database":"global_harmony_initiative"} []
[2025-11-18 13:48:55] ghi.INFO: Database connection established {"host":"localhost","database":"global_harmony_initiative"} []
[2025-11-18 13:49:25] ghi.INFO: Database connection established {"host":"localhost","database":"global_harmony_initiative"} []
[2025-11-18 13:49:55] ghi.INFO: Database connection established {"host":"localhost","database":"global_harmony_initiative"} []
[2025-11-18 13:50:25] ghi.INFO: Database connection established {"host":"localhost","database":"global_harmony_initiative"} []
[2025-11-18 13:51:32] ghi.INFO: Database connection established {"host":"localhost","database":"global_harmony_initiative"} []
[2025-11-18 13:52:32] ghi.INFO: Database connection established {"host":"localhost","database":"global_harmony_initiative"} []
[2025-11-18 13:53:41] ghi.INFO: Database connection established {"host":"localhost","database":"global_harmony_initiative"} []
[2025-11-18 14:49:57] ghi.INFO: Database connection established {"host":"localhost","database":"global_harmony_initiative"} []
[2025-11-18 14:50:25] ghi.INFO: Database connection established {"host":"localhost","database":"global_harmony_initiative"} []
[2025-11-18 14:50:55] ghi.INFO: Database connection established {"host":"localhost","database":"global_harmony_initiative"} []
[2025-11-18 14:51:25] ghi.INFO: Database connection established {"host":"localhost","database":"global_harmony_initiative"} []
[2025-11-18 14:51:30] ghi.INFO: Database connection established {"host":"localhost","database":"global_harmony_initiative"} []
[2025-11-18 14:51:31] ghi.INFO: Database connection established {"host":"localhost","database":"global_harmony_initiative"} []
[2025-11-18 14:51:33] ghi.INFO: Database connection established {"host":"localhost","database":"global_harmony_initiative"} []
[2025-11-18 14:51:52] ghi.INFO: Database connection established {"host":"localhost","database":"global_harmony_initiative"} []
[2025-11-18 14:51:54] ghi.INFO: Database connection established {"host":"localhost","database":"global_harmony_initiative"} []
[2025-11-18 14:51:55] ghi.INFO: Database connection established {"host":"localhost","database":"global_harmony_initiative"} []
[2025-11-18 14:53:08] ghi.INFO: Database connection established {"host":"localhost","database":"global_harmony_initiative"} []
[2025-11-18 14:53:09] ghi.INFO: Database connection established {"host":"localhost","database":"global_harmony_initiative"} []
[2025-11-18 14:53:09] ghi.INFO: Database connection established {"host":"localhost","database":"global_harmony_initiative"} []
[2025-11-18 14:53:48] ghi.INFO: Database connection established {"host":"localhost","database":"global_harmony_initiative"} []
[2025-11-18 14:53:49] ghi.INFO: Database connection established {"host":"localhost","database":"global_harmony_initiative"} []
[2025-11-18 14:53:49] ghi.INFO: Database connection established {"host":"localhost","database":"global_harmony_initiative"} []
[2025-11-18 14:54:04] ghi.INFO: Database connection established {"host":"localhost","database":"global_harmony_initiative"} []
[2025-11-18 14:54:05] ghi.INFO: Database connection established {"host":"localhost","database":"global_harmony_initiative"} []
[2025-11-18 14:54:05] ghi.INFO: Database connection established {"host":"localhost","database":"global_harmony_initiative"} []
[2025-11-18 14:54:22] ghi.INFO: Database connection established {"host":"localhost","database":"global_harmony_initiative"} []
[2025-11-18 14:54:23] ghi.INFO: Database connection established {"host":"localhost","database":"global_harmony_initiative"} []
[2025-11-18 14:54:23] ghi.INFO: Database connection established {"host":"localhost","database":"global_harmony_initiative"} []
[2025-11-18 15:15:08] ghi.INFO: Database connection established {"host":"localhost","database":"global_harmony_initiative"} []
[2025-11-18 15:15:28] ghi.INFO: Database connection established {"host":"localhost","database":"global_harmony_initiative"} []
[2025-11-18 15:15:37] ghi.INFO: Database connection established {"host":"localhost","database":"global_harmony_initiative"} []
[2025-11-18 15:15:37] ghi.INFO: Database connection established {"host":"localhost","database":"global_harmony_initiative"} []
[2025-11-18 15:15:53] ghi.INFO: Database connection established {"host":"localhost","database":"global_harmony_initiative"} []
[2025-11-18 15:15:54] ghi.INFO: Database connection established {"host":"localhost","database":"global_harmony_initiative"} []
[2025-11-18 15:15:54] ghi.INFO: Database connection established {"host":"localhost","database":"global_harmony_initiative"} []
[2025-11-18 15:16:00] ghi.INFO: Database connection established {"host":"localhost","database":"global_harmony_initiative"} []
[2025-11-18 15:16:01] ghi.INFO: Database connection established {"host":"localhost","database":"global_harmony_initiative"} []
[2025-11-18 15:16:01] ghi.INFO: Database connection established {"host":"localhost","database":"global_harmony_initiative"} []
[2025-11-18 15:16:01] ghi.INFO: Database connection established {"host":"localhost","database":"global_harmony_initiative"} []
[2025-11-18 15:16:02] ghi.INFO: Database connection established {"host":"localhost","database":"global_harmony_initiative"} []
[2025-11-18 15:16:02] ghi.INFO: Database connection established {"host":"localhost","database":"global_harmony_initiative"} []
[2025-11-18 15:24:12] ghi.INFO: Database connection established {"host":"localhost","database":"global_harmony_initiative"} []
[2025-11-18 15:24:12] ghi.INFO: Database connection established {"host":"localhost","database":"global_harmony_initiative"} []
[2025-11-18 16:14:01] ghi.INFO: Database connection established {"host":"localhost","database":"global_harmony_initiative"} []
[2025-11-18 16:14:12] ghi.INFO: Database connection established {"host":"localhost","database":"global_harmony_initiative"} []
[2025-11-18 16:15:46] ghi.INFO: Database connection established {"host":"localhost","database":"global_harmony_initiative"} []
[2025-11-18 16:16:50] ghi.INFO: Database connection established {"host":"localhost","database":"global_harmony_initiative"} []
[2025-11-18 16:16:50] ghi.INFO: Database connection established {"host":"localhost","database":"global_harmony_initiative"} []
[2025-11-18 16:16:57] ghi.INFO: Database connection established {"host":"localhost","database":"global_harmony_initiative"} []
[2025-11-18 16:16:58] ghi.INFO: User logged in {"email":"admin.dev@example.com","user_id":1} []
[2025-11-18 16:16:58] ghi.INFO: User logged in event handled {"user_id":1,"email":"admin.dev@example.com"} []
[2025-11-18 16:16:58] ghi.DEBUG: Event dispatched {"event":"user.logged_in"} []
[2025-11-18 16:16:58] ghi.INFO: Database connection established {"host":"localhost","database":"global_harmony_initiative"} []
[2025-11-18 16:17:03] ghi.INFO: Database connection established {"host":"localhost","database":"global_harmony_initiative"} []
[2025-11-18 16:17:08] ghi.INFO: Database connection established {"host":"localhost","database":"global_harmony_initiative"} []
[2025-11-18 16:17:35] ghi.INFO: Database connection established {"host":"localhost","database":"global_harmony_initiative"} []
[2025-11-18 16:17:35] ghi.INFO: Database connection established {"host":"localhost","database":"global_harmony_initiative"} []
[2025-11-18 16:17:48] ghi.INFO: Database connection established {"host":"localhost","database":"global_harmony_initiative"} []
[2025-11-18 16:18:01] ghi.INFO: Database connection established {"host":"localhost","database":"global_harmony_initiative"} []
[2025-11-18 16:18:16] ghi.INFO: Database connection established {"host":"localhost","database":"global_harmony_initiative"} []
[2025-11-18 16:18:16] ghi.INFO: Database connection established {"host":"localhost","database":"global_harmony_initiative"} []
[2025-11-18 16:18:48] ghi.INFO: Database connection established {"host":"localhost","database":"global_harmony_initiative"} []
[2025-11-18 16:40:21] ghi.INFO: Database connection established {"host":"localhost","database":"global_harmony_initiative"} []
[2025-11-18 16:40:21] ghi.INFO: User logged out {"email":"admin.dev@example.com"} []
[2025-11-18 16:40:21] ghi.INFO: Database connection established {"host":"localhost","database":"global_harmony_initiative"} []
[2025-11-18 16:40:33] ghi.INFO: Database connection established {"host":"localhost","database":"global_harmony_initiative"} []
[2025-11-18 16:40:33] ghi.INFO: Database connection established {"host":"localhost","database":"global_harmony_initiative"} []
[2025-11-18 16:40:43] ghi.INFO: Database connection established {"host":"localhost","database":"global_harmony_initiative"} []
[2025-11-18 16:41:33] ghi.INFO: Database connection established {"host":"localhost","database":"global_harmony_initiative"} []
[2025-11-18 16:52:47] ghi.INFO: Database connection established {"host":"localhost","database":"global_harmony_initiative"} []
[2025-11-18 16:52:47] ghi.INFO: Database connection established {"host":"localhost","database":"global_harmony_initiative"} []
[2025-11-18 16:54:01] ghi.INFO: Database connection established {"host":"localhost","database":"global_harmony_initiative"} []
[2025-11-18 16:54:01] ghi.INFO: Database connection established {"host":"localhost","database":"global_harmony_initiative"} []
[2025-11-18 16:54:08] ghi.INFO: Database connection established {"host":"localhost","database":"global_harmony_initiative"} []
[2025-11-18 16:54:08] ghi.INFO: User logged in {"email":"admin.dev@example.com","user_id":1} []
[2025-11-18 16:54:08] ghi.INFO: User logged in event handled {"user_id":1,"email":"admin.dev@example.com"} []
[2025-11-18 16:54:08] ghi.DEBUG: Event dispatched {"event":"user.logged_in"} []
[2025-11-18 16:54:08] ghi.INFO: Database connection established {"host":"localhost","database":"global_harmony_initiative"} []
[2025-11-18 16:54:13] ghi.INFO: Database connection established {"host":"localhost","database":"global_harmony_initiative"} []
[2025-11-18 16:54:19] ghi.INFO: Database connection established {"host":"localhost","database":"global_harmony_initiative"} []
[2025-11-18 16:54:19] ghi.INFO: Database connection established {"host":"localhost","database":"global_harmony_initiative"} []
[2025-11-18 16:54:33] ghi.INFO: Database connection established {"host":"localhost","database":"global_harmony_initiative"} []
[2025-11-18 16:54:34] ghi.INFO: Database connection established {"host":"localhost","database":"global_harmony_initiative"} []
[2025-11-18 16:54:34] ghi.INFO: Database connection established {"host":"localhost","database":"global_harmony_initiative"} []
[2025-11-18 16:54:43] ghi.INFO: Database connection established {"host":"localhost","database":"global_harmony_initiative"} []
[2025-11-18 16:54:43] ghi.INFO: Database connection established {"host":"localhost","database":"global_harmony_initiative"} []
[2025-11-18 16:54:43] ghi.INFO: Database connection established {"host":"localhost","database":"global_harmony_initiative"} []
[2025-11-18 16:54:52] ghi.INFO: Database connection established {"host":"localhost","database":"global_harmony_initiative"} []
[2025-11-18 16:54:53] ghi.INFO: Database connection established {"host":"localhost","database":"global_harmony_initiative"} []
[2025-11-18 16:54:53] ghi.INFO: Database connection established {"host":"localhost","database":"global_harmony_initiative"} []
[2025-11-18 16:55:01] ghi.INFO: Database connection established {"host":"localhost","database":"global_harmony_initiative"} []
[2025-11-18 16:55:02] ghi.INFO: Database connection established {"host":"localhost","database":"global_harmony_initiative"} []
[2025-11-18 16:55:18] ghi.INFO: Database connection established {"host":"localhost","database":"global_harmony_initiative"} []
[2025-11-18 16:55:19] ghi.INFO: Database connection established {"host":"localhost","database":"global_harmony_initiative"} []
[2025-11-18 16:55:19] ghi.INFO: Database connection established {"host":"localhost","database":"global_harmony_initiative"} []
[2025-11-18 16:57:02] ghi.INFO: Database connection established {"host":"localhost","database":"global_harmony_initiative"} []
[2025-11-18 16:57:29] ghi.INFO: Database connection established {"host":"localhost","database":"global_harmony_initiative"} []
[2025-11-18 16:58:34] ghi.INFO: Database connection established {"host":"localhost","database":"global_harmony_initiative"} []
[2025-11-18 16:58:53] ghi.INFO: Database connection established {"host":"localhost","database":"global_harmony_initiative"} []
[2025-11-18 16:59:12] ghi.INFO: Database connection established {"host":"localhost","database":"global_harmony_initiative"} []
[2025-11-18 16:59:29] ghi.INFO: Database connection established {"host":"localhost","database":"global_harmony_initiative"} []
[2025-11-18 17:05:09] ghi.INFO: Database connection established {"host":"localhost","database":"global_harmony_initiative"} []
[2025-11-18 17:05:26] ghi.INFO: Database connection established {"host":"localhost","database":"global_harmony_initiative"} []
[2025-11-18 17:10:33] ghi.INFO: Database connection established {"host":"localhost","database":"global_harmony_initiative"} []
[2025-11-18 17:10:58] ghi.INFO: Database connection established {"host":"localhost","database":"global_harmony_initiative"} []
[2025-11-18 17:11:03] ghi.INFO: Database connection established {"host":"localhost","database":"global_harmony_initiative"} []
[2025-11-18 17:11:14] ghi.INFO: Database connection established {"host":"localhost","database":"global_harmony_initiative"} []
[2025-11-18 17:11:15] ghi.INFO: Database connection established {"host":"localhost","database":"global_harmony_initiative"} []
[2025-11-18 17:11:29] ghi.INFO: Database connection established {"host":"localhost","database":"global_harmony_initiative"} []
[2025-11-18 17:11:29] ghi.INFO: Database connection established {"host":"localhost","database":"global_harmony_initiative"} []
[2025-11-18 17:11:30] ghi.INFO: Database connection established {"host":"localhost","database":"global_harmony_initiative"} []
[2025-11-18 17:12:20] ghi.INFO: Database connection established {"host":"localhost","database":"global_harmony_initiative"} []
[2025-11-18 17:12:44] ghi.INFO: Database connection established {"host":"localhost","database":"global_harmony_initiative"} []
[2025-11-18 17:12:56] ghi.INFO: Database connection established {"host":"localhost","database":"global_harmony_initiative"} []
[2025-11-18 17:12:56] ghi.INFO: Database connection established {"host":"localhost","database":"global_harmony_initiative"} []
[2025-11-18 17:12:57] ghi.INFO: Database connection established {"host":"localhost","database":"global_harmony_initiative"} []
[2025-11-18 17:23:56] ghi.INFO: Database connection established {"host":"localhost","database":"global_harmony_initiative"} []
[2025-11-18 17:23:56] ghi.INFO: User logged out {"email":"admin.dev@example.com"} []
[2025-11-18 17:23:56] ghi.INFO: Database connection established {"host":"localhost","database":"global_harmony_initiative"} []
[2025-11-18 17:35:05] ghi.INFO: Database connection established {"host":"localhost","database":"global_harmony_initiative"} []
[2025-11-18 17:35:13] ghi.INFO: Database connection established {"host":"localhost","database":"global_harmony_initiative"} []
[2025-11-18 17:35:38] ghi.INFO: Database connection established {"host":"localhost","database":"global_harmony_initiative"} []
[2025-11-18 17:40:20] ghi.INFO: Database connection established {"host":"localhost","database":"global_harmony_initiative"} []
[2025-11-18 17:40:28] ghi.INFO: Database connection established {"host":"localhost","database":"global_harmony_initiative"} []
[2025-11-18 17:41:12] ghi.INFO: Database connection established {"host":"localhost","database":"global_harmony_initiative"} []
[2025-11-18 17:41:16] ghi.INFO: Database connection established {"host":"localhost","database":"global_harmony_initiative"} []
[2025-11-18 17:41:21] ghi.INFO: Database connection established {"host":"localhost","database":"global_harmony_initiative"} []
[2025-11-18 17:45:57] ghi.INFO: Database connection established {"host":"localhost","database":"global_harmony_initiative"} []
[2025-11-18 17:45:57] ghi.WARNING: Image too large for WebP conversion, skipping {"path":"Banners-and-portraits/pexels-lagosfoodbank-6472487.jpg","dimensions":"4688x7025"} []
[2025-11-18 17:45:57] ghi.WARNING: Image too large for responsive size generation, skipping {"path":"Banners-and-portraits/pexels-lagosfoodbank-6472487.jpg","dimensions":"4688x7025"} []
[2025-11-18 17:45:57] ghi.WARNING: Image too large for WebP conversion, skipping {"path":"Banners-and-portraits/pexels-lagosfoodbank-8054617.jpg","dimensions":"4160x6240"} []
[2025-11-18 17:45:57] ghi.WARNING: Image too large for responsive size generation, skipping {"path":"Banners-and-portraits/pexels-lagosfoodbank-8054617.jpg","dimensions":"4160x6240"} []
[2025-11-18 17:45:57] ghi.WARNING: Image too large for WebP conversion, skipping {"path":"Banners-and-portraits/pexels-speakmediauganda-33749783.jpg","dimensions":"5760x3840"} []
[2025-11-18 17:45:57] ghi.WARNING: Image too large for responsive size generation, skipping {"path":"Banners-and-portraits/pexels-speakmediauganda-33749783.jpg","dimensions":"5760x3840"} []
[2025-11-18 17:45:57] ghi.WARNING: Image too large for WebP conversion, skipping {"path":"Banners-and-portraits/pexels-speakmediauganda-33749790.jpg","dimensions":"5760x3840"} []
[2025-11-18 17:45:57] ghi.WARNING: Image too large for responsive size generation, skipping {"path":"Banners-and-portraits/pexels-speakmediauganda-33749790.jpg","dimensions":"5760x3840"} []
[2025-11-18 17:45:57] ghi.WARNING: Image too large for WebP conversion, skipping {"path":"Banners-and-portraits/pexels-speakmediauganda-33749791.jpg","dimensions":"5760x3840"} []
[2025-11-18 17:45:57] ghi.WARNING: Image too large for responsive size generation, skipping {"path":"Banners-and-portraits/pexels-speakmediauganda-33749791.jpg","dimensions":"5760x3840"} []
[2025-11-18 17:45:58] ghi.INFO: Database connection established {"host":"localhost","database":"global_harmony_initiative"} []
[2025-11-18 17:46:21] ghi.INFO: Database connection established {"host":"localhost","database":"global_harmony_initiative"} []
[2025-11-18 17:46:21] ghi.WARNING: Image too large for WebP conversion, skipping {"path":"Banners-and-portraits/pexels-finalchoice-147015110-34599374.jpg","dimensions":"5760x3840"} []
[2025-11-18 17:46:21] ghi.WARNING: Image too large for responsive size generation, skipping {"path":"Banners-and-portraits/pexels-finalchoice-147015110-34599374.jpg","dimensions":"5760x3840"} []
[2025-11-18 17:46:21] ghi.WARNING: Image too large for WebP conversion, skipping {"path":"Banners-and-portraits/pexels-caleboquendo-34612590.jpg","dimensions":"5434x2841"} []
[2025-11-18 17:46:21] ghi.WARNING: Image too large for responsive size generation, skipping {"path":"Banners-and-portraits/pexels-caleboquendo-34612590.jpg","dimensions":"5434x2841"} []
[2025-11-18 17:46:21] ghi.WARNING: Image too large for WebP conversion, skipping {"path":"Banners-and-portraits/pexels-speakmediauganda-34222337.jpg","dimensions":"5760x3840"} []
[2025-11-18 17:46:21] ghi.WARNING: Image too large for responsive size generation, skipping {"path":"Banners-and-portraits/pexels-speakmediauganda-34222337.jpg","dimensions":"5760x3840"} []
[2025-11-18 17:46:21] ghi.WARNING: Image too large for WebP conversion, skipping {"path":"Banners-and-portraits/pexels-speakmediauganda-33749783.jpg","dimensions":"5760x3840"} []
[2025-11-18 17:46:21] ghi.WARNING: Image too large for responsive size generation, skipping {"path":"Banners-and-portraits/pexels-speakmediauganda-33749783.jpg","dimensions":"5760x3840"} []
[2025-11-18 17:46:21] ghi.WARNING: Image too large for WebP conversion, skipping {"path":"Banners-and-portraits/pexels-ezeguna_graphy-sulaiman-muhammad-2153324075-34536427.jpg","dimensions":"5472x3648"} []
[2025-11-18 17:46:21] ghi.WARNING: Image too large for responsive size generation, skipping {"path":"Banners-and-portraits/pexels-ezeguna_graphy-sulaiman-muhammad-2153324075-34536427.jpg","dimensions":"5472x3648"} []
[2025-11-18 17:46:21] ghi.WARNING: Image too large for WebP conversion, skipping {"path":"Banners-and-portraits/pexels-speakmediauganda-33749791.jpg","dimensions":"5760x3840"} []
[2025-11-18 17:46:21] ghi.WARNING: Image too large for responsive size generation, skipping {"path":"Banners-and-portraits/pexels-speakmediauganda-33749791.jpg","dimensions":"5760x3840"} []
[2025-11-18 17:46:21] ghi.WARNING: Image too large for WebP conversion, skipping {"path":"Banners-and-portraits/pexels-lagosfoodbank-8054617.jpg","dimensions":"4160x6240"} []
[2025-11-18 17:46:21] ghi.WARNING: Image too large for responsive size generation, skipping {"path":"Banners-and-portraits/pexels-lagosfoodbank-8054617.jpg","dimensions":"4160x6240"} []
[2025-11-18 17:46:21] ghi.WARNING: Image too large for WebP conversion, skipping {"path":"Banners-and-portraits/pexels-speakmediauganda-34249567.jpg","dimensions":"5760x3840"} []
[2025-11-18 17:46:21] ghi.WARNING: Image too large for responsive size generation, skipping {"path":"Banners-and-portraits/pexels-speakmediauganda-34249567.jpg","dimensions":"5760x3840"} []
[2025-11-18 17:46:21] ghi.WARNING: Image too large for WebP conversion, skipping {"path":"Banners-and-portraits/pexels-lom-doudou-351893580-34617622.jpg","dimensions":"2777x3952"} []
[2025-11-18 17:46:21] ghi.WARNING: Image too large for responsive size generation, skipping {"path":"Banners-and-portraits/pexels-lom-doudou-351893580-34617622.jpg","dimensions":"2777x3952"} []
[2025-11-18 17:46:21] ghi.WARNING: Image too large for WebP conversion, skipping {"path":"Banners-and-portraits/pexels-seyhmuskino-30668435.jpg","dimensions":"7008x4672"} []
[2025-11-18 17:46:21] ghi.WARNING: Image too large for responsive size generation, skipping {"path":"Banners-and-portraits/pexels-seyhmuskino-30668435.jpg","dimensions":"7008x4672"} []
[2025-11-18 17:46:21] ghi.WARNING: Image too large for WebP conversion, skipping {"path":"Banners-and-portraits/pexels-mo-liban-3049584-5648154.jpg","dimensions":"6720x4480"} []
[2025-11-18 17:46:21] ghi.WARNING: Image too large for responsive size generation, skipping {"path":"Banners-and-portraits/pexels-mo-liban-3049584-5648154.jpg","dimensions":"6720x4480"} []
[2025-11-18 17:46:21] ghi.WARNING: Image too large for WebP conversion, skipping {"path":"Banners-and-portraits/pexels-g-star-media-2150953934-32968674.jpg","dimensions":"4160x6240"} []
[2025-11-18 17:46:21] ghi.WARNING: Image too large for responsive size generation, skipping {"path":"Banners-and-portraits/pexels-g-star-media-2150953934-32968674.jpg","dimensions":"4160x6240"} []
[2025-11-18 17:46:34] ghi.INFO: Database connection established {"host":"localhost","database":"global_harmony_initiative"} []
[2025-11-18 17:46:34] ghi.WARNING: Image too large for WebP conversion, skipping {"path":"Banners-and-portraits/pexels-rdne-6646918.jpg","dimensions":"6189x4126"} []
[2025-11-18 17:46:34] ghi.WARNING: Image too large for responsive size generation, skipping {"path":"Banners-and-portraits/pexels-rdne-6646918.jpg","dimensions":"6189x4126"} []
[2025-11-18 17:46:34] ghi.WARNING: Image too large for WebP conversion, skipping {"path":"Banners-and-portraits/pexels-caleboquendo-34612590.jpg","dimensions":"5434x2841"} []
[2025-11-18 17:46:34] ghi.WARNING: Image too large for responsive size generation, skipping {"path":"Banners-and-portraits/pexels-caleboquendo-34612590.jpg","dimensions":"5434x2841"} []
[2025-11-18 17:46:34] ghi.WARNING: Image too large for WebP conversion, skipping {"path":"Banners-and-portraits/pexels-speakmediauganda-34222337.jpg","dimensions":"5760x3840"} []
[2025-11-18 17:46:34] ghi.WARNING: Image too large for responsive size generation, skipping {"path":"Banners-and-portraits/pexels-speakmediauganda-34222337.jpg","dimensions":"5760x3840"} []
[2025-11-18 17:46:34] ghi.WARNING: Image too large for WebP conversion, skipping {"path":"Banners-and-portraits/pexels-lom-doudou-351893580-34617622.jpg","dimensions":"2777x3952"} []
[2025-11-18 17:46:34] ghi.WARNING: Image too large for responsive size generation, skipping {"path":"Banners-and-portraits/pexels-lom-doudou-351893580-34617622.jpg","dimensions":"2777x3952"} []
[2025-11-18 17:46:34] ghi.WARNING: Image too large for WebP conversion, skipping {"path":"Banners-and-portraits/pexels-speakmediauganda-34249567.jpg","dimensions":"5760x3840"} []
[2025-11-18 17:46:34] ghi.WARNING: Image too large for responsive size generation, skipping {"path":"Banners-and-portraits/pexels-speakmediauganda-34249567.jpg","dimensions":"5760x3840"} []
[2025-11-18 17:46:34] ghi.WARNING: Image too large for WebP conversion, skipping {"path":"Banners-and-portraits/pexels-mo-liban-3049584-5648154.jpg","dimensions":"6720x4480"} []
[2025-11-18 17:46:34] ghi.WARNING: Image too large for responsive size generation, skipping {"path":"Banners-and-portraits/pexels-mo-liban-3049584-5648154.jpg","dimensions":"6720x4480"} []
[2025-11-18 17:46:34] ghi.WARNING: Image too large for WebP conversion, skipping {"path":"Banners-and-portraits/pexels-speakmediauganda-33749783.jpg","dimensions":"5760x3840"} []
[2025-11-18 17:46:34] ghi.WARNING: Image too large for responsive size generation, skipping {"path":"Banners-and-portraits/pexels-speakmediauganda-33749783.jpg","dimensions":"5760x3840"} []
[2025-11-18 17:46:34] ghi.WARNING: Image too large for WebP conversion, skipping {"path":"Banners-and-portraits/pexels-speakmediauganda-33749791.jpg","dimensions":"5760x3840"} []
[2025-11-18 17:46:34] ghi.WARNING: Image too large for responsive size generation, skipping {"path":"Banners-and-portraits/pexels-speakmediauganda-33749791.jpg","dimensions":"5760x3840"} []
[2025-11-18 17:46:34] ghi.WARNING: Image too large for WebP conversion, skipping {"path":"Banners-and-portraits/pexels-lagosfoodbank-6472487.jpg","dimensions":"4688x7025"} []
[2025-11-18 17:46:34] ghi.WARNING: Image too large for responsive size generation, skipping {"path":"Banners-and-portraits/pexels-lagosfoodbank-6472487.jpg","dimensions":"4688x7025"} []
[2025-11-18 17:46:34] ghi.WARNING: Image too large for WebP conversion, skipping {"path":"Banners-and-portraits/pexels-speakmediauganda-33749791.jpg","dimensions":"5760x3840"} []
[2025-11-18 17:46:34] ghi.WARNING: Image too large for responsive size generation, skipping {"path":"Banners-and-portraits/pexels-speakmediauganda-33749791.jpg","dimensions":"5760x3840"} []
[2025-11-18 17:46:34] ghi.WARNING: Image too large for WebP conversion, skipping {"path":"Banners-and-portraits/pexels-speakmediauganda-33749790.jpg","dimensions":"5760x3840"} []
[2025-11-18 17:46:34] ghi.WARNING: Image too large for responsive size generation, skipping {"path":"Banners-and-portraits/pexels-speakmediauganda-33749790.jpg","dimensions":"5760x3840"} []
[2025-11-18 17:46:34] ghi.WARNING: Image too large for WebP conversion, skipping {"path":"Banners-and-portraits/pexels-lagosfoodbank-8054617.jpg","dimensions":"4160x6240"} []
[2025-11-18 17:46:34] ghi.WARNING: Image too large for responsive size generation, skipping {"path":"Banners-and-portraits/pexels-lagosfoodbank-8054617.jpg","dimensions":"4160x6240"} []
[2025-11-18 17:46:38] ghi.INFO: Database connection established {"host":"localhost","database":"global_harmony_initiative"} []
[2025-11-18 17:46:38] ghi.WARNING: Image too large for WebP conversion, skipping {"path":"Banners-and-portraits/pexels-finalchoice-147015110-34599374.jpg","dimensions":"5760x3840"} []
[2025-11-18 17:46:38] ghi.WARNING: Image too large for responsive size generation, skipping {"path":"Banners-and-portraits/pexels-finalchoice-147015110-34599374.jpg","dimensions":"5760x3840"} []
[2025-11-18 17:46:38] ghi.WARNING: Image too large for WebP conversion, skipping {"path":"Banners-and-portraits/pexels-caleboquendo-34612590.jpg","dimensions":"5434x2841"} []
[2025-11-18 17:46:38] ghi.WARNING: Image too large for responsive size generation, skipping {"path":"Banners-and-portraits/pexels-caleboquendo-34612590.jpg","dimensions":"5434x2841"} []
[2025-11-18 17:46:38] ghi.WARNING: Image too large for WebP conversion, skipping {"path":"Banners-and-portraits/pexels-speakmediauganda-34222337.jpg","dimensions":"5760x3840"} []
[2025-11-18 17:46:38] ghi.WARNING: Image too large for responsive size generation, skipping {"path":"Banners-and-portraits/pexels-speakmediauganda-34222337.jpg","dimensions":"5760x3840"} []
[2025-11-18 17:46:38] ghi.WARNING: Image too large for WebP conversion, skipping {"path":"Banners-and-portraits/pexels-speakmediauganda-33749783.jpg","dimensions":"5760x3840"} []
[2025-11-18 17:46:38] ghi.WARNING: Image too large for responsive size generation, skipping {"path":"Banners-and-portraits/pexels-speakmediauganda-33749783.jpg","dimensions":"5760x3840"} []
[2025-11-18 17:46:38] ghi.WARNING: Image too large for WebP conversion, skipping {"path":"Banners-and-portraits/pexels-ezeguna_graphy-sulaiman-muhammad-2153324075-34536427.jpg","dimensions":"5472x3648"} []
[2025-11-18 17:46:38] ghi.WARNING: Image too large for responsive size generation, skipping {"path":"Banners-and-portraits/pexels-ezeguna_graphy-sulaiman-muhammad-2153324075-34536427.jpg","dimensions":"5472x3648"} []
[2025-11-18 17:46:38] ghi.WARNING: Image too large for WebP conversion, skipping {"path":"Banners-and-portraits/pexels-speakmediauganda-33749791.jpg","dimensions":"5760x3840"} []
[2025-11-18 17:46:38] ghi.WARNING: Image too large for responsive size generation, skipping {"path":"Banners-and-portraits/pexels-speakmediauganda-33749791.jpg","dimensions":"5760x3840"} []
[2025-11-18 17:46:38] ghi.WARNING: Image too large for WebP conversion, skipping {"path":"Banners-and-portraits/pexels-lagosfoodbank-8054617.jpg","dimensions":"4160x6240"} []
[2025-11-18 17:46:38] ghi.WARNING: Image too large for responsive size generation, skipping {"path":"Banners-and-portraits/pexels-lagosfoodbank-8054617.jpg","dimensions":"4160x6240"} []
[2025-11-18 17:46:38] ghi.WARNING: Image too large for WebP conversion, skipping {"path":"Banners-and-portraits/pexels-speakmediauganda-34249567.jpg","dimensions":"5760x3840"} []
[2025-11-18 17:46:38] ghi.WARNING: Image too large for responsive size generation, skipping {"path":"Banners-and-portraits/pexels-speakmediauganda-34249567.jpg","dimensions":"5760x3840"} []
[2025-11-18 17:46:38] ghi.WARNING: Image too large for WebP conversion, skipping {"path":"Banners-and-portraits/pexels-lom-doudou-351893580-34617622.jpg","dimensions":"2777x3952"} []
[2025-11-18 17:46:38] ghi.WARNING: Image too large for responsive size generation, skipping {"path":"Banners-and-portraits/pexels-lom-doudou-351893580-34617622.jpg","dimensions":"2777x3952"} []
[2025-11-18 17:46:38] ghi.WARNING: Image too large for WebP conversion, skipping {"path":"Banners-and-portraits/pexels-seyhmuskino-30668435.jpg","dimensions":"7008x4672"} []
[2025-11-18 17:46:38] ghi.WARNING: Image too large for responsive size generation, skipping {"path":"Banners-and-portraits/pexels-seyhmuskino-30668435.jpg","dimensions":"7008x4672"} []
[2025-11-18 17:46:38] ghi.WARNING: Image too large for WebP conversion, skipping {"path":"Banners-and-portraits/pexels-mo-liban-3049584-5648154.jpg","dimensions":"6720x4480"} []
[2025-11-18 17:46:38] ghi.WARNING: Image too large for responsive size generation, skipping {"path":"Banners-and-portraits/pexels-mo-liban-3049584-5648154.jpg","dimensions":"6720x4480"} []
[2025-11-18 17:46:38] ghi.WARNING: Image too large for WebP conversion, skipping {"path":"Banners-and-portraits/pexels-g-star-media-2150953934-32968674.jpg","dimensions":"4160x6240"} []
[2025-11-18 17:46:38] ghi.WARNING: Image too large for responsive size generation, skipping {"path":"Banners-and-portraits/pexels-g-star-media-2150953934-32968674.jpg","dimensions":"4160x6240"} []
[2025-11-18 17:46:50] ghi.INFO: Database connection established {"host":"localhost","database":"global_harmony_initiative"} []
[2025-11-18 17:46:50] ghi.WARNING: Image too large for WebP conversion, skipping {"path":"Banners-and-portraits/pexels-ezeguna_graphy-sulaiman-muhammad-2153324075-34536427.jpg","dimensions":"5472x3648"} []
[2025-11-18 17:46:50] ghi.WARNING: Image too large for responsive size generation, skipping {"path":"Banners-and-portraits/pexels-ezeguna_graphy-sulaiman-muhammad-2153324075-34536427.jpg","dimensions":"5472x3648"} []
[2025-11-18 17:46:50] ghi.WARNING: Image too large for WebP conversion, skipping {"path":"Banners-and-portraits/pexels-g-star-media-2150953934-32968674.jpg","dimensions":"4160x6240"} []
[2025-11-18 17:46:50] ghi.WARNING: Image too large for responsive size generation, skipping {"path":"Banners-and-portraits/pexels-g-star-media-2150953934-32968674.jpg","dimensions":"4160x6240"} []
[2025-11-18 17:46:50] ghi.WARNING: Image too large for WebP conversion, skipping {"path":"Banners-and-portraits/pexels-caleboquendo-34612590.jpg","dimensions":"5434x2841"} []
[2025-11-18 17:46:50] ghi.WARNING: Image too large for responsive size generation, skipping {"path":"Banners-and-portraits/pexels-caleboquendo-34612590.jpg","dimensions":"5434x2841"} []
[2025-11-18 17:46:50] ghi.WARNING: Image too large for WebP conversion, skipping {"path":"Banners-and-portraits/pexels-finalchoice-147015110-34599374.jpg","dimensions":"5760x3840"} []
[2025-11-18 17:46:50] ghi.WARNING: Image too large for responsive size generation, skipping {"path":"Banners-and-portraits/pexels-finalchoice-147015110-34599374.jpg","dimensions":"5760x3840"} []
[2025-11-18 17:46:50] ghi.WARNING: Image too large for WebP conversion, skipping {"path":"Banners-and-portraits/pexels-rdne-6646897.jpg","dimensions":"6644x4429"} []
[2025-11-18 17:46:50] ghi.WARNING: Image too large for responsive size generation, skipping {"path":"Banners-and-portraits/pexels-rdne-6646897.jpg","dimensions":"6644x4429"} []
[2025-11-18 17:46:50] ghi.WARNING: Image too large for WebP conversion, skipping {"path":"Banners-and-portraits/pexels-speakmediauganda-34249567.jpg","dimensions":"5760x3840"} []
[2025-11-18 17:46:50] ghi.WARNING: Image too large for responsive size generation, skipping {"path":"Banners-and-portraits/pexels-speakmediauganda-34249567.jpg","dimensions":"5760x3840"} []
[2025-11-18 17:46:50] ghi.WARNING: Image too large for WebP conversion, skipping {"path":"Banners-and-portraits/pexels-rdne-6646883.jpg","dimensions":"3805x5707"} []
[2025-11-18 17:46:50] ghi.WARNING: Image too large for responsive size generation, skipping {"path":"Banners-and-portraits/pexels-rdne-6646883.jpg","dimensions":"3805x5707"} []
[2025-11-18 17:46:50] ghi.WARNING: Image too large for WebP conversion, skipping {"path":"Banners-and-portraits/pexels-speakmediauganda-34222337.jpg","dimensions":"5760x3840"} []
[2025-11-18 17:46:50] ghi.WARNING: Image too large for responsive size generation, skipping {"path":"Banners-and-portraits/pexels-speakmediauganda-34222337.jpg","dimensions":"5760x3840"} []
[2025-11-18 17:46:50] ghi.WARNING: Image too large for WebP conversion, skipping {"path":"Banners-and-portraits/pexels-lom-doudou-351893580-34617622.jpg","dimensions":"2777x3952"} []
[2025-11-18 17:46:50] ghi.WARNING: Image too large for responsive size generation, skipping {"path":"Banners-and-portraits/pexels-lom-doudou-351893580-34617622.jpg","dimensions":"2777x3952"} []
[2025-11-18 17:46:50] ghi.WARNING: Image too large for WebP conversion, skipping {"path":"Banners-and-portraits/pexels-speakmediauganda-33749791.jpg","dimensions":"5760x3840"} []
[2025-11-18 17:46:50] ghi.WARNING: Image too large for responsive size generation, skipping {"path":"Banners-and-portraits/pexels-speakmediauganda-33749791.jpg","dimensions":"5760x3840"} []
[2025-11-18 17:46:50] ghi.WARNING: Image too large for WebP conversion, skipping {"path":"Banners-and-portraits/pexels-elsaboath-28586115.jpg","dimensions":"3648x5472"} []
[2025-11-18 17:46:50] ghi.WARNING: Image too large for responsive size generation, skipping {"path":"Banners-and-portraits/pexels-elsaboath-28586115.jpg","dimensions":"3648x5472"} []
[2025-11-18 17:46:50] ghi.WARNING: Image too large for WebP conversion, skipping {"path":"Banners-and-portraits/pexels-rdne-6647017.jpg","dimensions":"6210x4140"} []
[2025-11-18 17:46:50] ghi.WARNING: Image too large for responsive size generation, skipping {"path":"Banners-and-portraits/pexels-rdne-6647017.jpg","dimensions":"6210x4140"} []
[2025-11-18 18:00:14] ghi.INFO: Database connection established {"host":"localhost","database":"global_harmony_initiative"} []
[2025-11-18 18:00:14] ghi.WARNING: Image too large for WebP conversion, skipping {"path":"Banners-and-portraits/pexels-ezeguna_graphy-sulaiman-muhammad-2153324075-34536427.jpg","dimensions":"5472x3648"} []
[2025-11-18 18:00:14] ghi.WARNING: Image too large for responsive size generation, skipping {"path":"Banners-and-portraits/pexels-ezeguna_graphy-sulaiman-muhammad-2153324075-34536427.jpg","dimensions":"5472x3648"} []
[2025-11-18 18:00:14] ghi.WARNING: Image too large for WebP conversion, skipping {"path":"Banners-and-portraits/pexels-g-star-media-2150953934-32968674.jpg","dimensions":"4160x6240"} []
[2025-11-18 18:00:14] ghi.WARNING: Image too large for responsive size generation, skipping {"path":"Banners-and-portraits/pexels-g-star-media-2150953934-32968674.jpg","dimensions":"4160x6240"} []
[2025-11-18 18:00:14] ghi.WARNING: Image too large for WebP conversion, skipping {"path":"Banners-and-portraits/pexels-caleboquendo-34612590.jpg","dimensions":"5434x2841"} []
[2025-11-18 18:00:14] ghi.WARNING: Image too large for responsive size generation, skipping {"path":"Banners-and-portraits/pexels-caleboquendo-34612590.jpg","dimensions":"5434x2841"} []
[2025-11-18 18:00:14] ghi.WARNING: Image too large for WebP conversion, skipping {"path":"Banners-and-portraits/pexels-finalchoice-147015110-34599374.jpg","dimensions":"5760x3840"} []
[2025-11-18 18:00:14] ghi.WARNING: Image too large for responsive size generation, skipping {"path":"Banners-and-portraits/pexels-finalchoice-147015110-34599374.jpg","dimensions":"5760x3840"} []
[2025-11-18 18:00:14] ghi.WARNING: Image too large for WebP conversion, skipping {"path":"Banners-and-portraits/pexels-rdne-6646897.jpg","dimensions":"6644x4429"} []
[2025-11-18 18:00:14] ghi.WARNING: Image too large for responsive size generation, skipping {"path":"Banners-and-portraits/pexels-rdne-6646897.jpg","dimensions":"6644x4429"} []
[2025-11-18 18:00:14] ghi.WARNING: Image too large for WebP conversion, skipping {"path":"Banners-and-portraits/pexels-speakmediauganda-34249567.jpg","dimensions":"5760x3840"} []
[2025-11-18 18:00:14] ghi.WARNING: Image too large for responsive size generation, skipping {"path":"Banners-and-portraits/pexels-speakmediauganda-34249567.jpg","dimensions":"5760x3840"} []
[2025-11-18 18:00:14] ghi.WARNING: Image too large for WebP conversion, skipping {"path":"Banners-and-portraits/pexels-rdne-6646883.jpg","dimensions":"3805x5707"} []
[2025-11-18 18:00:14] ghi.WARNING: Image too large for responsive size generation, skipping {"path":"Banners-and-portraits/pexels-rdne-6646883.jpg","dimensions":"3805x5707"} []
[2025-11-18 18:00:14] ghi.WARNING: Image too large for WebP conversion, skipping {"path":"Banners-and-portraits/pexels-speakmediauganda-34222337.jpg","dimensions":"5760x3840"} []
[2025-11-18 18:00:14] ghi.WARNING: Image too large for responsive size generation, skipping {"path":"Banners-and-portraits/pexels-speakmediauganda-34222337.jpg","dimensions":"5760x3840"} []
[2025-11-18 18:00:14] ghi.WARNING: Image too large for WebP conversion, skipping {"path":"Banners-and-portraits/pexels-lom-doudou-351893580-34617622.jpg","dimensions":"2777x3952"} []
[2025-11-18 18:00:14] ghi.WARNING: Image too large for responsive size generation, skipping {"path":"Banners-and-portraits/pexels-lom-doudou-351893580-34617622.jpg","dimensions":"2777x3952"} []
[2025-11-18 18:00:15] ghi.WARNING: Image too large for WebP conversion, skipping {"path":"Banners-and-portraits/pexels-speakmediauganda-33749791.jpg","dimensions":"5760x3840"} []
[2025-11-18 18:00:15] ghi.WARNING: Image too large for responsive size generation, skipping {"path":"Banners-and-portraits/pexels-speakmediauganda-33749791.jpg","dimensions":"5760x3840"} []
[2025-11-18 18:00:15] ghi.WARNING: Image too large for WebP conversion, skipping {"path":"Banners-and-portraits/pexels-elsaboath-28586115.jpg","dimensions":"3648x5472"} []
[2025-11-18 18:00:15] ghi.WARNING: Image too large for responsive size generation, skipping {"path":"Banners-and-portraits/pexels-elsaboath-28586115.jpg","dimensions":"3648x5472"} []
[2025-11-18 18:00:15] ghi.WARNING: Image too large for WebP conversion, skipping {"path":"Banners-and-portraits/pexels-rdne-6647017.jpg","dimensions":"6210x4140"} []
[2025-11-18 18:00:15] ghi.WARNING: Image too large for responsive size generation, skipping {"path":"Banners-and-portraits/pexels-rdne-6647017.jpg","dimensions":"6210x4140"} []
[2025-11-18 18:01:13] ghi.INFO: Database connection established {"host":"localhost","database":"global_harmony_initiative"} []
[2025-11-18 18:16:49] ghi.INFO: Database connection established {"host":"localhost","database":"global_harmony_initiative"} []
[2025-11-18 18:16:53] ghi.INFO: Database connection established {"host":"localhost","database":"global_harmony_initiative"} []
[2025-11-18 18:17:45] ghi.INFO: Database connection established {"host":"localhost","database":"global_harmony_initiative"} []
[2025-11-18 18:30:22] ghi.INFO: Database connection established {"host":"localhost","database":"global_harmony_initiative"} []
[2025-11-18 18:31:43] ghi.INFO: Database connection established {"host":"localhost","database":"global_harmony_initiative"} []
[2025-11-18 18:31:43] ghi.WARNING: Image too large for WebP conversion, skipping {"path":"Banners-and-portraits/pexels-ezeguna_graphy-sulaiman-muhammad-2153324075-34536427.jpg","dimensions":"5472x3648"} []
[2025-11-18 18:31:43] ghi.WARNING: Image too large for responsive size generation, skipping {"path":"Banners-and-portraits/pexels-ezeguna_graphy-sulaiman-muhammad-2153324075-34536427.jpg","dimensions":"5472x3648"} []
[2025-11-18 18:31:43] ghi.WARNING: Image too large for WebP conversion, skipping {"path":"Banners-and-portraits/pexels-g-star-media-2150953934-32968674.jpg","dimensions":"4160x6240"} []
[2025-11-18 18:31:43] ghi.WARNING: Image too large for responsive size generation, skipping {"path":"Banners-and-portraits/pexels-g-star-media-2150953934-32968674.jpg","dimensions":"4160x6240"} []
[2025-11-18 18:31:43] ghi.WARNING: Image too large for WebP conversion, skipping {"path":"Banners-and-portraits/pexels-caleboquendo-34612590.jpg","dimensions":"5434x2841"} []
[2025-11-18 18:31:43] ghi.WARNING: Image too large for responsive size generation, skipping {"path":"Banners-and-portraits/pexels-caleboquendo-34612590.jpg","dimensions":"5434x2841"} []
[2025-11-18 19:01:33] ghi.INFO: Database connection established {"host":"localhost","database":"global_harmony_initiative"} []
[2025-11-18 19:02:12] ghi.INFO: Database connection established {"host":"localhost","database":"global_harmony_initiative"} []
[2025-11-18 19:02:13] ghi.INFO: Database connection established {"host":"localhost","database":"global_harmony_initiative"} []
[2025-11-18 19:02:14] ghi.INFO: Database connection established {"host":"localhost","database":"global_harmony_initiative"} []
[2025-11-18 19:02:14] ghi.INFO: Database connection established {"host":"localhost","database":"global_harmony_initiative"} []
[2025-11-18 19:04:38] ghi.INFO: Database connection established {"host":"localhost","database":"global_harmony_initiative"} []
[2025-11-18 19:05:26] ghi.INFO: Database connection established {"host":"localhost","database":"global_harmony_initiative"} []
[2025-11-18 19:06:36] ghi.INFO: Database connection established {"host":"localhost","database":"global_harmony_initiative"} []
[2025-11-18 19:06:37] ghi.INFO: Database connection established {"host":"localhost","database":"global_harmony_initiative"} []
[2025-11-18 19:09:55] ghi.INFO: Database connection established {"host":"localhost","database":"global_harmony_initiative"} []
[2025-11-18 19:09:56] ghi.INFO: Database connection established {"host":"localhost","database":"global_harmony_initiative"} []
[2025-11-18 19:15:56] ghi.INFO: Database connection established {"host":"localhost","database":"global_harmony_initiative"} []
[2025-11-18 19:16:50] ghi.INFO: Database connection established {"host":"localhost","database":"global_harmony_initiative"} []
[2025-11-18 19:17:14] ghi.INFO: Database connection established {"host":"localhost","database":"global_harmony_initiative"} []
[2025-11-18 19:22:29] ghi.INFO: Database connection established {"host":"localhost","database":"global_harmony_initiative"} []
[2025-11-18 19:22:49] ghi.INFO: Database connection established {"host":"localhost","database":"global_harmony_initiative"} []
[2025-11-18 19:24:38] ghi.INFO: Database connection established {"host":"localhost","database":"global_harmony_initiative"} []
[2025-11-18 19:24:44] ghi.INFO: Database connection established {"host":"localhost","database":"global_harmony_initiative"} []
[2025-11-18 19:24:44] ghi.INFO: Database connection established {"host":"localhost","database":"global_harmony_initiative"} []
[2025-11-18 19:25:31] ghi.INFO: Database connection established {"host":"localhost","database":"global_harmony_initiative"} []
[2025-11-18 19:26:01] ghi.INFO: Database connection established {"host":"localhost","database":"global_harmony_initiative"} []
[2025-11-18 19:35:22] ghi.INFO: Database connection established {"host":"localhost","database":"global_harmony_initiative"} []
[2025-11-18 19:35:58] ghi.INFO: Database connection established {"host":"localhost","database":"global_harmony_initiative"} []
[2025-11-18 19:44:58] ghi.INFO: Database connection established {"host":"localhost","database":"global_harmony_initiative"} []
[2025-11-18 19:45:06] ghi.INFO: Database connection established {"host":"localhost","database":"global_harmony_initiative"} []
[2025-11-18 19:45:13] ghi.INFO: Database connection established {"host":"localhost","database":"global_harmony_initiative"} []
[2025-11-18 20:09:08] ghi.INFO: Database connection established {"host":"localhost","database":"global_harmony_initiative"} []
[2025-11-18 20:09:56] ghi.INFO: Database connection established {"host":"localhost","database":"global_harmony_initiative"} []
[2025-11-18 20:10:04] ghi.INFO: Database connection established {"host":"localhost","database":"global_harmony_initiative"} []
[2025-11-18 20:12:43] ghi.INFO: Database connection established {"host":"localhost","database":"global_harmony_initiative"} []
[2025-11-18 20:12:53] ghi.INFO: Database connection established {"host":"localhost","database":"global_harmony_initiative"} []
[2025-11-18 20:13:01] ghi.INFO: Database connection established {"host":"localhost","database":"global_harmony_initiative"} []
[2025-11-18 20:13:45] ghi.INFO: Database connection established {"host":"localhost","database":"global_harmony_initiative"} []
[2025-11-18 20:13:46] ghi.INFO: Database connection established {"host":"localhost","database":"global_harmony_initiative"} []
[2025-11-18 20:14:44] ghi.INFO: Database connection established {"host":"localhost","database":"global_harmony_initiative"} []
[2025-11-18 20:14:44] ghi.INFO: Database connection established {"host":"localhost","database":"global_harmony_initiative"} []
[2025-11-18 20:14:51] ghi.INFO: Database connection established {"host":"localhost","database":"global_harmony_initiative"} []
[2025-11-18 20:14:51] ghi.INFO: User logged in {"email":"admin.dev@example.com","user_id":1} []
[2025-11-18 20:14:51] ghi.INFO: User logged in event handled {"user_id":1,"email":"admin.dev@example.com"} []
[2025-11-18 20:14:51] ghi.DEBUG: Event dispatched {"event":"user.logged_in"} []
[2025-11-18 20:14:51] ghi.INFO: Database connection established {"host":"localhost","database":"global_harmony_initiative"} []
[2025-11-18 20:15:16] ghi.INFO: Database connection established {"host":"localhost","database":"global_harmony_initiative"} []
[2025-11-18 20:30:56] ghi.INFO: Database connection established {"host":"localhost","database":"global_harmony_initiative"} []
[2025-11-18 20:34:44] ghi.INFO: Database connection established {"host":"localhost","database":"global_harmony_initiative"} []
[2025-11-18 20:34:58] ghi.INFO: Database connection established {"host":"localhost","database":"global_harmony_initiative"} []
[2025-11-18 20:36:54] ghi.INFO: Database connection established {"host":"localhost","database":"global_harmony_initiative"} []
[2025-11-18 20:37:05] ghi.INFO: Database connection established {"host":"localhost","database":"global_harmony_initiative"} []
[2025-11-18 20:37:19] ghi.INFO: Database connection established {"host":"localhost","database":"global_harmony_initiative"} []
[2025-11-18 20:37:27] ghi.INFO: Database connection established {"host":"localhost","database":"global_harmony_initiative"} []
[2025-11-18 20:37:38] ghi.INFO: Database connection established {"host":"localhost","database":"global_harmony_initiative"} []
[2025-11-18 20:38:34] ghi.INFO: Database connection established {"host":"localhost","database":"global_harmony_initiative"} []
[2025-11-18 20:38:34] ghi.INFO: Database connection established {"host":"localhost","database":"global_harmony_initiative"} []
[2025-11-18 20:39:26] ghi.INFO: Database connection established {"host":"localhost","database":"global_harmony_initiative"} []
[2025-11-18 20:39:35] ghi.INFO: Database connection established {"host":"localhost","database":"global_harmony_initiative"} []
[2025-11-18 20:39:42] ghi.INFO: Database connection established {"host":"localhost","database":"global_harmony_initiative"} []
[2025-11-18 20:40:00] ghi.INFO: Database connection established {"host":"localhost","database":"global_harmony_initiative"} []
[2025-11-18 20:40:07] ghi.INFO: Database connection established {"host":"localhost","database":"global_harmony_initiative"} []
[2025-11-18 20:41:08] ghi.INFO: Database connection established {"host":"localhost","database":"global_harmony_initiative"} []
[2025-11-18 20:41:12] ghi.INFO: Database connection established {"host":"localhost","database":"global_harmony_initiative"} []
[2025-11-18 20:41:19] ghi.INFO: Database connection established {"host":"localhost","database":"global_harmony_initiative"} []
[2025-11-18 20:43:16] ghi.INFO: Database connection established {"host":"localhost","database":"global_harmony_initiative"} []
[2025-11-18 20:43:21] ghi.INFO: Database connection established {"host":"localhost","database":"global_harmony_initiative"} []
[2025-11-18 20:44:32] ghi.INFO: Database connection established {"host":"localhost","database":"global_harmony_initiative"} []
[2025-11-18 20:44:42] ghi.INFO: Database connection established {"host":"localhost","database":"global_harmony_initiative"} []
[2025-11-18 20:44:49] ghi.INFO: Database connection established {"host":"localhost","database":"global_harmony_initiative"} []
[2025-11-18 20:44:54] ghi.INFO: Database connection established {"host":"localhost","database":"global_harmony_initiative"} []
[2025-11-18 20:45:03] ghi.INFO: Database connection established {"host":"localhost","database":"global_harmony_initiative"} []
[2025-11-18 20:45:28] ghi.INFO: Database connection established {"host":"localhost","database":"global_harmony_initiative"} []
[2025-11-18 20:45:30] ghi.INFO: Database connection established {"host":"localhost","database":"global_harmony_initiative"} []
[2025-11-18 20:45:34] ghi.INFO: Database connection established {"host":"localhost","database":"global_harmony_initiative"} []
[2025-11-18 20:45:40] ghi.INFO: Database connection established {"host":"localhost","database":"global_harmony_initiative"} []
[2025-11-18 20:46:01] ghi.INFO: Database connection established {"host":"localhost","database":"global_harmony_initiative"} []
[2025-11-18 20:46:02] ghi.INFO: Database connection established {"host":"localhost","database":"global_harmony_initiative"} []
[2025-11-18 20:46:06] ghi.INFO: Database connection established {"host":"localhost","database":"global_harmony_initiative"} []
[2025-11-18 20:46:40] ghi.INFO: Database connection established {"host":"localhost","database":"global_harmony_initiative"} []
[2025-11-18 20:48:53] ghi.INFO: Database connection established {"host":"localhost","database":"global_harmony_initiative"} []
[2025-11-18 20:48:55] ghi.INFO: Database connection established {"host":"localhost","database":"global_harmony_initiative"} []
[2025-11-18 20:48:58] ghi.INFO: Database connection established {"host":"localhost","database":"global_harmony_initiative"} []
[2025-11-18 20:49:02] ghi.INFO: Database connection established {"host":"localhost","database":"global_harmony_initiative"} []
[2025-11-18 20:49:14] ghi.INFO: Database connection established {"host":"localhost","database":"global_harmony_initiative"} []
[2025-11-18 20:49:17] ghi.INFO: Database connection established {"host":"localhost","database":"global_harmony_initiative"} []
[2025-11-18 21:10:34] ghi.INFO: Database connection established {"host":"localhost","database":"global_harmony_initiative"} []
[2025-11-18 21:10:42] ghi.INFO: Database connection established {"host":"localhost","database":"global_harmony_initiative"} []
[2025-11-18 21:10:47] ghi.INFO: Database connection established {"host":"localhost","database":"global_harmony_initiative"} []
[2025-11-18 21:11:39] ghi.INFO: Database connection established {"host":"localhost","database":"global_harmony_initiative"} []
[2025-11-18 21:11:56] ghi.INFO: Database connection established {"host":"localhost","database":"global_harmony_initiative"} []
[2025-11-18 21:11:56] ghi.INFO: User logged out {"email":"admin.dev@example.com"} []
[2025-11-18 21:11:56] ghi.INFO: Database connection established {"host":"localhost","database":"global_harmony_initiative"} []
[2025-11-18 21:12:06] ghi.INFO: Database connection established {"host":"localhost","database":"global_harmony_initiative"} []
[2025-11-18 21:25:22] ghi.INFO: Database connection established {"host":"localhost","database":"global_harmony_initiative"} []
[2025-11-18 21:25:22] ghi.INFO: Database connection established {"host":"localhost","database":"global_harmony_initiative"} []
[2025-11-18 21:26:23] ghi.INFO: Database connection established {"host":"localhost","database":"global_harmony_initiative"} []
[2025-11-18 21:26:54] ghi.INFO: Database connection established {"host":"localhost","database":"global_harmony_initiative"} []
[2025-11-18 21:27:54] ghi.INFO: Database connection established {"host":"localhost","database":"global_harmony_initiative"} []
[2025-11-18 21:28:03] ghi.INFO: Database connection established {"host":"localhost","database":"global_harmony_initiative"} []
[2025-11-18 23:00:55] ghi.INFO: Database connection established {"host":"localhost","database":"global_harmony_initiative"} []
[2025-11-18 23:02:30] ghi.INFO: Database connection established {"host":"localhost","database":"global_harmony_initiative"} []
[2025-11-18 23:02:33] ghi.INFO: Database connection established {"host":"localhost","database":"global_harmony_initiative"} []
[2025-11-18 23:02:35] ghi.INFO: Database connection established {"host":"localhost","database":"global_harmony_initiative"} []
[2025-11-18 23:03:23] ghi.INFO: Database connection established {"host":"localhost","database":"global_harmony_initiative"} []
[2025-11-18 23:04:39] ghi.INFO: Database connection established {"host":"localhost","database":"global_harmony_initiative"} []
[2025-11-18 23:06:41] ghi.INFO: Database connection established {"host":"localhost","database":"global_harmony_initiative"} []
[2025-11-18 23:06:42] ghi.WARNING: Image too large for WebP conversion, skipping {"path":"Banners-and-portraits/pexels-ezeguna_graphy-sulaiman-muhammad-2153324075-34536427.jpg","dimensions":"5472x3648"} []
[2025-11-18 23:06:42] ghi.WARNING: Image too large for responsive size generation, skipping {"path":"Banners-and-portraits/pexels-ezeguna_graphy-sulaiman-muhammad-2153324075-34536427.jpg","dimensions":"5472x3648"} []
[2025-11-18 23:07:17] ghi.INFO: Database connection established {"host":"localhost","database":"global_harmony_initiative"} []
[2025-11-18 23:07:17] ghi.WARNING: Image too large for WebP conversion, skipping {"path":"Banners-and-portraits/pexels-ezeguna_graphy-sulaiman-muhammad-2153324075-34536427.jpg","dimensions":"5472x3648"} []
[2025-11-18 23:07:17] ghi.WARNING: Image too large for responsive size generation, skipping {"path":"Banners-and-portraits/pexels-ezeguna_graphy-sulaiman-muhammad-2153324075-34536427.jpg","dimensions":"5472x3648"} []
[2025-11-18 23:07:28] ghi.INFO: Database connection established {"host":"localhost","database":"global_harmony_initiative"} []
[2025-11-18 23:07:44] ghi.INFO: Database connection established {"host":"localhost","database":"global_harmony_initiative"} []
[2025-11-18 23:07:59] ghi.INFO: Database connection established {"host":"localhost","database":"global_harmony_initiative"} []
[2025-11-18 23:08:16] ghi.INFO: Database connection established {"host":"localhost","database":"global_harmony_initiative"} []
[2025-11-18 23:08:31] ghi.INFO: Database connection established {"host":"localhost","database":"global_harmony_initiative"} []
[2025-11-18 23:09:40] ghi.INFO: Database connection established {"host":"localhost","database":"global_harmony_initiative"} []
[2025-11-18 23:35:57] ghi.INFO: Database connection established {"host":"localhost","database":"global_harmony_initiative"} []
[2025-11-18 23:36:07] ghi.INFO: Database connection established {"host":"localhost","database":"global_harmony_initiative"} []
[2025-11-18 23:36:58] ghi.INFO: Database connection established {"host":"localhost","database":"global_harmony_initiative"} []
[2025-11-18 23:36:58] ghi.INFO: Database connection established {"host":"localhost","database":"global_harmony_initiative"} []
[2025-11-18 23:37:01] ghi.INFO: Database connection established {"host":"localhost","database":"global_harmony_initiative"} []
[2025-11-18 23:37:01] ghi.INFO: User logged in {"email":"admin.dev@example.com","user_id":1} []
[2025-11-18 23:37:01] ghi.INFO: User logged in event handled {"user_id":1,"email":"admin.dev@example.com"} []
[2025-11-18 23:37:01] ghi.DEBUG: Event dispatched {"event":"user.logged_in"} []
[2025-11-18 23:37:01] ghi.INFO: Database connection established {"host":"localhost","database":"global_harmony_initiative"} []
[2025-11-18 23:37:12] ghi.INFO: Database connection established {"host":"localhost","database":"global_harmony_initiative"} []
[2025-11-18 23:37:21] ghi.INFO: Database connection established {"host":"localhost","database":"global_harmony_initiative"} []
[2025-11-18 23:37:27] ghi.INFO: Database connection established {"host":"localhost","database":"global_harmony_initiative"} []
[2025-11-18 23:37:30] ghi.INFO: Database connection established {"host":"localhost","database":"global_harmony_initiative"} []
[2025-11-18 23:37:41] ghi.INFO: Database connection established {"host":"localhost","database":"global_harmony_initiative"} []
[2025-11-18 23:37:49] ghi.INFO: Database connection established {"host":"localhost","database":"global_harmony_initiative"} []
[2025-11-18 23:38:05] ghi.INFO: Database connection established {"host":"localhost","database":"global_harmony_initiative"} []
[2025-11-18 23:38:16] ghi.INFO: Database connection established {"host":"localhost","database":"global_harmony_initiative"} []
[2025-11-18 23:38:23] ghi.INFO: Database connection established {"host":"localhost","database":"global_harmony_initiative"} []
[2025-11-18 23:38:30] ghi.INFO: Database connection established {"host":"localhost","database":"global_harmony_initiative"} []
[2025-11-18 23:38:35] ghi.INFO: Database connection established {"host":"localhost","database":"global_harmony_initiative"} []
[2025-11-18 23:38:35] ghi.INFO: Database connection established {"host":"localhost","database":"global_harmony_initiative"} []
[2025-11-18 23:38:35] ghi.INFO: Database connection established {"host":"localhost","database":"global_harmony_initiative"} []
[2025-11-18 23:38:38] ghi.INFO: Database connection established {"host":"localhost","database":"global_harmony_initiative"} []
[2025-11-18 23:38:38] ghi.INFO: Database connection established {"host":"localhost","database":"global_harmony_initiative"} []
[2025-11-18 23:38:38] ghi.INFO: Database connection established {"host":"localhost","database":"global_harmony_initiative"} []
[2025-11-18 23:38:41] ghi.INFO: Database connection established {"host":"localhost","database":"global_harmony_initiative"} []
[2025-11-18 23:38:45] ghi.INFO: Database connection established {"host":"localhost","database":"global_harmony_initiative"} []
[2025-11-18 23:38:49] ghi.INFO: Database connection established {"host":"localhost","database":"global_harmony_initiative"} []
[2025-11-18 23:38:49] ghi.INFO: User logged out {"email":"admin.dev@example.com"} []
[2025-11-18 23:38:49] ghi.INFO: Database connection established {"host":"localhost","database":"global_harmony_initiative"} []
