[2025-11-11 05:17:41] ghi.INFO: Database connection established {"host":"localhost","database":"global_harmony_initiative"} []
[2025-11-11 05:17:52] ghi.INFO: Database connection established {"host":"localhost","database":"global_harmony_initiative"} []
[2025-11-11 05:17:53] ghi.INFO: Database connection established {"host":"localhost","database":"global_harmony_initiative"} []
[2025-11-11 05:19:08] ghi.INFO: Database connection established {"host":"localhost","database":"global_harmony_initiative"} []
[2025-11-11 05:19:08] ghi.INFO: Database connection established {"host":"localhost","database":"global_harmony_initiative"} []
[2025-11-11 05:19:21] ghi.INFO: Database connection established {"host":"localhost","database":"global_harmony_initiative"} []
[2025-11-11 05:19:21] ghi.INFO: User logged in {"email":"admin.dev@example.com","user_id":1} []
[2025-11-11 05:19:21] ghi.INFO: User logged in event handled {"user_id":1,"email":"admin.dev@example.com"} []
[2025-11-11 05:19:21] ghi.DEBUG: Event dispatched {"event":"user.logged_in"} []
[2025-11-11 05:19:21] ghi.INFO: Database connection established {"host":"localhost","database":"global_harmony_initiative"} []
[2025-11-11 05:19:34] ghi.INFO: Database connection established {"host":"localhost","database":"global_harmony_initiative"} []
[2025-11-11 05:19:54] ghi.INFO: Database connection established {"host":"localhost","database":"global_harmony_initiative"} []
[2025-11-11 05:21:08] ghi.INFO: Database connection established {"host":"localhost","database":"global_harmony_initiative"} []
[2025-11-11 05:21:28] ghi.INFO: Database connection established {"host":"localhost","database":"global_harmony_initiative"} []
[2025-11-11 05:21:47] ghi.INFO: Database connection established {"host":"localhost","database":"global_harmony_initiative"} []
[2025-11-11 05:22:00] ghi.INFO: Database connection established {"host":"localhost","database":"global_harmony_initiative"} []
[2025-11-11 05:22:52] ghi.INFO: Database connection established {"host":"localhost","database":"global_harmony_initiative"} []
[2025-11-11 05:23:24] ghi.INFO: Database connection established {"host":"localhost","database":"global_harmony_initiative"} []
[2025-11-11 05:23:42] ghi.INFO: Database connection established {"host":"localhost","database":"global_harmony_initiative"} []
[2025-11-11 05:23:42] ghi.INFO: User logged out {"email":"admin.dev@example.com"} []
[2025-11-11 05:23:42] ghi.INFO: Database connection established {"host":"localhost","database":"global_harmony_initiative"} []
[2025-11-11 05:26:47] ghi.INFO: Database connection established {"host":"localhost","database":"global_harmony_initiative"} []
[2025-11-11 05:26:47] ghi.INFO: User logged in {"email":"admin.dev@example.com","user_id":1} []
[2025-11-11 05:26:47] ghi.INFO: User logged in event handled {"user_id":1,"email":"admin.dev@example.com"} []
[2025-11-11 05:26:47] ghi.DEBUG: Event dispatched {"event":"user.logged_in"} []
[2025-11-11 05:26:47] ghi.INFO: Database connection established {"host":"localhost","database":"global_harmony_initiative"} []
[2025-11-11 05:27:40] ghi.INFO: Database connection established {"host":"localhost","database":"global_harmony_initiative"} []
[2025-11-11 05:27:57] ghi.INFO: Database connection established {"host":"localhost","database":"global_harmony_initiative"} []
[2025-11-11 05:42:25] ghi.INFO: Database connection established {"host":"localhost","database":"global_harmony_initiative"} []
[2025-11-11 05:42:59] ghi.INFO: Database connection established {"host":"localhost","database":"global_harmony_initiative"} []
[2025-11-11 05:43:21] ghi.INFO: Database connection established {"host":"localhost","database":"global_harmony_initiative"} []
[2025-11-11 05:43:24] ghi.INFO: Database connection established {"host":"localhost","database":"global_harmony_initiative"} []
[2025-11-11 05:43:27] ghi.INFO: Database connection established {"host":"localhost","database":"global_harmony_initiative"} []
[2025-11-11 05:43:57] ghi.INFO: Database connection established {"host":"localhost","database":"global_harmony_initiative"} []
[2025-11-11 05:44:01] ghi.INFO: Database connection established {"host":"localhost","database":"global_harmony_initiative"} []
[2025-11-11 05:44:25] ghi.INFO: Database connection established {"host":"localhost","database":"global_harmony_initiative"} []
[2025-11-11 05:45:06] ghi.INFO: Database connection established {"host":"localhost","database":"global_harmony_initiative"} []
[2025-11-11 05:45:27] ghi.INFO: Database connection established {"host":"localhost","database":"global_harmony_initiative"} []
[2025-11-11 05:46:08] ghi.INFO: Database connection established {"host":"localhost","database":"global_harmony_initiative"} []
[2025-11-11 05:48:21] ghi.INFO: Database connection established {"host":"localhost","database":"global_harmony_initiative"} []
[2025-11-11 05:48:30] ghi.INFO: Database connection established {"host":"localhost","database":"global_harmony_initiative"} []
[2025-11-11 05:49:54] ghi.INFO: Database connection established {"host":"localhost","database":"global_harmony_initiative"} []
[2025-11-11 05:50:06] ghi.INFO: Database connection established {"host":"localhost","database":"global_harmony_initiative"} []
[2025-11-11 05:50:42] ghi.INFO: Database connection established {"host":"localhost","database":"global_harmony_initiative"} []
[2025-11-11 05:50:51] ghi.INFO: Database connection established {"host":"localhost","database":"global_harmony_initiative"} []
[2025-11-11 05:51:07] ghi.INFO: Database connection established {"host":"localhost","database":"global_harmony_initiative"} []
[2025-11-11 05:51:19] ghi.INFO: Database connection established {"host":"localhost","database":"global_harmony_initiative"} []
[2025-11-11 05:58:59] ghi.INFO: Database connection established {"host":"localhost","database":"global_harmony_initiative"} []
[2025-11-11 05:59:13] ghi.INFO: Database connection established {"host":"localhost","database":"global_harmony_initiative"} []
[2025-11-11 05:59:21] ghi.INFO: Database connection established {"host":"localhost","database":"global_harmony_initiative"} []
[2025-11-11 05:59:41] ghi.INFO: Database connection established {"host":"localhost","database":"global_harmony_initiative"} []
[2025-11-11 06:00:25] ghi.INFO: Database connection established {"host":"localhost","database":"global_harmony_initiative"} []
[2025-11-11 06:00:25] ghi.INFO: Database connection established {"host":"localhost","database":"global_harmony_initiative"} []
[2025-11-11 06:00:50] ghi.INFO: Database connection established {"host":"localhost","database":"global_harmony_initiative"} []
[2025-11-11 06:01:59] ghi.INFO: Database connection established {"host":"localhost","database":"global_harmony_initiative"} []
[2025-11-11 06:05:47] ghi.INFO: Database connection established {"host":"localhost","database":"global_harmony_initiative"} []
[2025-11-11 06:06:21] ghi.INFO: Database connection established {"host":"localhost","database":"global_harmony_initiative"} []
[2025-11-11 06:07:21] ghi.INFO: Database connection established {"host":"localhost","database":"global_harmony_initiative"} []
[2025-11-11 06:07:21] ghi.INFO: User logged out {"email":"admin.dev@example.com"} []
[2025-11-11 06:07:21] ghi.INFO: Database connection established {"host":"localhost","database":"global_harmony_initiative"} []
[2025-11-11 06:07:59] ghi.INFO: Database connection established {"host":"localhost","database":"global_harmony_initiative"} []
[2025-11-11 06:08:14] ghi.INFO: Database connection established {"host":"localhost","database":"global_harmony_initiative"} []
[2025-11-11 06:08:14] ghi.INFO: Database connection established {"host":"localhost","database":"global_harmony_initiative"} []
[2025-11-11 06:08:21] ghi.INFO: Database connection established {"host":"localhost","database":"global_harmony_initiative"} []
[2025-11-11 06:08:22] ghi.INFO: User logged in {"email":"admin.dev@example.com","user_id":1} []
[2025-11-11 06:08:22] ghi.INFO: User logged in event handled {"user_id":1,"email":"admin.dev@example.com"} []
[2025-11-11 06:08:22] ghi.DEBUG: Event dispatched {"event":"user.logged_in"} []
[2025-11-11 06:08:22] ghi.INFO: Database connection established {"host":"localhost","database":"global_harmony_initiative"} []
[2025-11-11 06:11:21] ghi.INFO: Database connection established {"host":"localhost","database":"global_harmony_initiative"} []
[2025-11-11 06:11:21] ghi.INFO: User logged out {"email":"admin.dev@example.com"} []
[2025-11-11 06:11:21] ghi.INFO: Database connection established {"host":"localhost","database":"global_harmony_initiative"} []
[2025-11-11 06:28:18] ghi.INFO: Database connection established {"host":"localhost","database":"global_harmony_initiative"} []
[2025-11-11 06:28:18] ghi.INFO: Database connection established {"host":"localhost","database":"global_harmony_initiative"} []
[2025-11-11 06:28:22] ghi.INFO: Database connection established {"host":"localhost","database":"global_harmony_initiative"} []
[2025-11-11 06:28:22] ghi.INFO: User logged in {"email":"admin.dev@example.com","user_id":1} []
[2025-11-11 06:28:22] ghi.INFO: User logged in event handled {"user_id":1,"email":"admin.dev@example.com"} []
[2025-11-11 06:28:22] ghi.DEBUG: Event dispatched {"event":"user.logged_in"} []
[2025-11-11 06:28:22] ghi.INFO: Database connection established {"host":"localhost","database":"global_harmony_initiative"} []
[2025-11-11 06:28:36] ghi.INFO: Database connection established {"host":"localhost","database":"global_harmony_initiative"} []
[2025-11-11 06:28:51] ghi.INFO: Database connection established {"host":"localhost","database":"global_harmony_initiative"} []
[2025-11-11 06:29:02] ghi.INFO: Database connection established {"host":"localhost","database":"global_harmony_initiative"} []
[2025-11-11 06:29:04] ghi.INFO: Database connection established {"host":"localhost","database":"global_harmony_initiative"} []
[2025-11-11 06:29:13] ghi.INFO: Database connection established {"host":"localhost","database":"global_harmony_initiative"} []
[2025-11-11 06:59:10] ghi.INFO: Database connection established {"host":"localhost","database":"global_harmony_initiative"} []
[2025-11-11 06:59:32] ghi.INFO: Database connection established {"host":"localhost","database":"global_harmony_initiative"} []
[2025-11-11 07:00:06] ghi.INFO: Database connection established {"host":"localhost","database":"global_harmony_initiative"} []
[2025-11-11 07:00:15] ghi.INFO: Database connection established {"host":"localhost","database":"global_harmony_initiative"} []
[2025-11-11 07:00:34] ghi.INFO: Database connection established {"host":"localhost","database":"global_harmony_initiative"} []
[2025-11-11 07:04:22] ghi.INFO: Database connection established {"host":"localhost","database":"global_harmony_initiative"} []
[2025-11-11 07:05:22] ghi.INFO: Database connection established {"host":"localhost","database":"global_harmony_initiative"} []
[2025-11-11 07:05:44] ghi.INFO: Database connection established {"host":"localhost","database":"global_harmony_initiative"} []
[2025-11-11 07:06:23] ghi.INFO: Database connection established {"host":"localhost","database":"global_harmony_initiative"} []
[2025-11-11 07:06:43] ghi.INFO: Database connection established {"host":"localhost","database":"global_harmony_initiative"} []
[2025-11-11 07:07:00] ghi.INFO: Database connection established {"host":"localhost","database":"global_harmony_initiative"} []
[2025-11-11 07:07:32] ghi.INFO: Database connection established {"host":"localhost","database":"global_harmony_initiative"} []
[2025-11-11 07:10:42] ghi.INFO: Database connection established {"host":"localhost","database":"global_harmony_initiative"} []
[2025-11-11 07:13:09] ghi.INFO: Database connection established {"host":"localhost","database":"global_harmony_initiative"} []
[2025-11-11 07:16:24] ghi.INFO: Database connection established {"host":"localhost","database":"global_harmony_initiative"} []
[2025-11-11 07:16:51] ghi.INFO: Database connection established {"host":"localhost","database":"global_harmony_initiative"} []
[2025-11-11 07:31:12] ghi.INFO: Database connection established {"host":"localhost","database":"global_harmony_initiative"} []
[2025-11-11 07:31:50] ghi.INFO: Database connection established {"host":"localhost","database":"global_harmony_initiative"} []
[2025-11-11 07:31:55] ghi.INFO: Database connection established {"host":"localhost","database":"global_harmony_initiative"} []
[2025-11-11 07:32:07] ghi.INFO: Database connection established {"host":"localhost","database":"global_harmony_initiative"} []
[2025-11-11 07:32:09] ghi.INFO: Database connection established {"host":"localhost","database":"global_harmony_initiative"} []
[2025-11-11 07:32:14] ghi.INFO: Database connection established {"host":"localhost","database":"global_harmony_initiative"} []
[2025-11-11 07:32:31] ghi.INFO: Database connection established {"host":"localhost","database":"global_harmony_initiative"} []
[2025-11-11 07:32:35] ghi.INFO: Database connection established {"host":"localhost","database":"global_harmony_initiative"} []
[2025-11-11 08:12:14] ghi.INFO: Database connection established {"host":"localhost","database":"global_harmony_initiative"} []
[2025-11-11 08:12:45] ghi.INFO: Database connection established {"host":"localhost","database":"global_harmony_initiative"} []
[2025-11-11 08:12:55] ghi.INFO: Database connection established {"host":"localhost","database":"global_harmony_initiative"} []
[2025-11-11 08:13:03] ghi.INFO: Database connection established {"host":"localhost","database":"global_harmony_initiative"} []
[2025-11-11 08:36:21] ghi.INFO: Database connection established {"host":"localhost","database":"global_harmony_initiative"} []
[2025-11-11 08:39:12] ghi.INFO: Database connection established {"host":"localhost","database":"global_harmony_initiative"} []
[2025-11-11 08:39:19] ghi.INFO: Database connection established {"host":"localhost","database":"global_harmony_initiative"} []
[2025-11-11 08:39:28] ghi.INFO: Database connection established {"host":"localhost","database":"global_harmony_initiative"} []
[2025-11-11 08:40:25] ghi.INFO: Database connection established {"host":"localhost","database":"global_harmony_initiative"} []
[2025-11-11 08:40:33] ghi.INFO: Database connection established {"host":"localhost","database":"global_harmony_initiative"} []
[2025-11-11 09:38:29] ghi.INFO: Database connection established {"host":"localhost","database":"global_harmony_initiative"} []
[2025-11-11 10:35:48] ghi.ERROR: Database connection failed {"error":"An exception occurred in the driver: SQLSTATE[HY000] [1049] Unknown database 'ghi_database'","host":"localhost","database":"ghi_database"} []
[2025-11-11 10:36:21] ghi.ERROR: Database connection failed {"error":"An exception occurred in the driver: SQLSTATE[HY000] [1049] Unknown database 'ghi_database'","host":"localhost","database":"ghi_database"} []
[2025-11-11 10:43:51] ghi.INFO: Database connection established {"host":"localhost","database":"global_harmony_initiative"} []
[2025-11-11 11:15:52] ghi.INFO: Database connection established {"host":"localhost","database":"global_harmony_initiative"} []
[2025-11-11 11:17:53] ghi.INFO: Database connection established {"host":"localhost","database":"global_harmony_initiative"} []
[2025-11-11 11:21:28] ghi.INFO: Database connection established {"host":"localhost","database":"global_harmony_initiative"} []
[2025-11-11 11:46:33] ghi.INFO: Database connection established {"host":"localhost","database":"global_harmony_initiative"} []
[2025-11-11 11:48:58] ghi.INFO: Database connection established {"host":"localhost","database":"global_harmony_initiative"} []
[2025-11-11 11:49:15] ghi.INFO: Database connection established {"host":"localhost","database":"global_harmony_initiative"} []
[2025-11-11 11:50:16] ghi.INFO: Database connection established {"host":"localhost","database":"global_harmony_initiative"} []
[2025-11-11 11:50:17] ghi.INFO: Database connection established {"host":"localhost","database":"global_harmony_initiative"} []
[2025-11-11 11:50:23] ghi.INFO: Database connection established {"host":"localhost","database":"global_harmony_initiative"} []
[2025-11-11 11:50:23] ghi.INFO: User logged in {"email":"admin.dev@example.com","user_id":1} []
[2025-11-11 11:50:23] ghi.INFO: User logged in event handled {"user_id":1,"email":"admin.dev@example.com"} []
[2025-11-11 11:50:23] ghi.DEBUG: Event dispatched {"event":"user.logged_in"} []
[2025-11-11 11:50:23] ghi.INFO: Database connection established {"host":"localhost","database":"global_harmony_initiative"} []
[2025-11-11 11:50:29] ghi.INFO: Database connection established {"host":"localhost","database":"global_harmony_initiative"} []
[2025-11-11 11:50:33] ghi.INFO: Database connection established {"host":"localhost","database":"global_harmony_initiative"} []
[2025-11-11 11:50:50] ghi.INFO: Database connection established {"host":"localhost","database":"global_harmony_initiative"} []
[2025-11-11 11:51:09] ghi.INFO: Database connection established {"host":"localhost","database":"global_harmony_initiative"} []
[2025-11-11 11:53:21] ghi.INFO: Database connection established {"host":"localhost","database":"global_harmony_initiative"} []
[2025-11-11 11:53:29] ghi.INFO: Database connection established {"host":"localhost","database":"global_harmony_initiative"} []
